Archive member included to satisfy reference by file (symbol)

/opt/st/stm32cubeide_1.6.0/plugins/com.st.stm32cube.ide.mcu.externaltools.gnu-tools-for-stm32.9-2020-q2-update.linux64_1.5.0.202011040924/tools/bin/../lib/gcc/arm-none-eabi/9.3.1/../../../../arm-none-eabi/lib/thumb/v7-m/nofp/libc_nano.a(lib_a-errno.o)
                              Core/Src/syscalls.o (__errno)
/opt/st/stm32cubeide_1.6.0/plugins/com.st.stm32cube.ide.mcu.externaltools.gnu-tools-for-stm32.9-2020-q2-update.linux64_1.5.0.202011040924/tools/bin/../lib/gcc/arm-none-eabi/9.3.1/../../../../arm-none-eabi/lib/thumb/v7-m/nofp/libc_nano.a(lib_a-exit.o)
                              /opt/st/stm32cubeide_1.6.0/plugins/com.st.stm32cube.ide.mcu.externaltools.gnu-tools-for-stm32.9-2020-q2-update.linux64_1.5.0.202011040924/tools/bin/../lib/gcc/arm-none-eabi/9.3.1/../../../../arm-none-eabi/lib/thumb/v7-m/nofp/crt0.o (exit)
/opt/st/stm32cubeide_1.6.0/plugins/com.st.stm32cube.ide.mcu.externaltools.gnu-tools-for-stm32.9-2020-q2-update.linux64_1.5.0.202011040924/tools/bin/../lib/gcc/arm-none-eabi/9.3.1/../../../../arm-none-eabi/lib/thumb/v7-m/nofp/libc_nano.a(lib_a-impure.o)
                              /opt/st/stm32cubeide_1.6.0/plugins/com.st.stm32cube.ide.mcu.externaltools.gnu-tools-for-stm32.9-2020-q2-update.linux64_1.5.0.202011040924/tools/bin/../lib/gcc/arm-none-eabi/9.3.1/../../../../arm-none-eabi/lib/thumb/v7-m/nofp/libc_nano.a(lib_a-exit.o) (_global_impure_ptr)
/opt/st/stm32cubeide_1.6.0/plugins/com.st.stm32cube.ide.mcu.externaltools.gnu-tools-for-stm32.9-2020-q2-update.linux64_1.5.0.202011040924/tools/bin/../lib/gcc/arm-none-eabi/9.3.1/../../../../arm-none-eabi/lib/thumb/v7-m/nofp/libc_nano.a(lib_a-init.o)
                              /opt/st/stm32cubeide_1.6.0/plugins/com.st.stm32cube.ide.mcu.externaltools.gnu-tools-for-stm32.9-2020-q2-update.linux64_1.5.0.202011040924/tools/bin/../lib/gcc/arm-none-eabi/9.3.1/../../../../arm-none-eabi/lib/thumb/v7-m/nofp/crt0.o (__libc_init_array)
/opt/st/stm32cubeide_1.6.0/plugins/com.st.stm32cube.ide.mcu.externaltools.gnu-tools-for-stm32.9-2020-q2-update.linux64_1.5.0.202011040924/tools/bin/../lib/gcc/arm-none-eabi/9.3.1/../../../../arm-none-eabi/lib/thumb/v7-m/nofp/libc_nano.a(lib_a-memset.o)
                              /opt/st/stm32cubeide_1.6.0/plugins/com.st.stm32cube.ide.mcu.externaltools.gnu-tools-for-stm32.9-2020-q2-update.linux64_1.5.0.202011040924/tools/bin/../lib/gcc/arm-none-eabi/9.3.1/../../../../arm-none-eabi/lib/thumb/v7-m/nofp/crt0.o (memset)

Allocating common symbols
Common symbol       size              file

hi2c1               0x54              Core/Src/main.o
uwTick              0x4               Drivers/STM32F1xx_HAL_Driver/Src/stm32f1xx_hal.o
pFlash              0x20              Drivers/STM32F1xx_HAL_Driver/Src/stm32f1xx_hal_flash.o
hadc1               0x30              Core/Src/main.o
PETfilConv1         0xc               Core/Src/main.o
hdma_adc1           0x44              Core/Src/main.o

Discarded input sections

 .text          0x0000000000000000        0x0 /opt/st/stm32cubeide_1.6.0/plugins/com.st.stm32cube.ide.mcu.externaltools.gnu-tools-for-stm32.9-2020-q2-update.linux64_1.5.0.202011040924/tools/bin/../lib/gcc/arm-none-eabi/9.3.1/thumb/v7-m/nofp/crti.o
 .data          0x0000000000000000        0x0 /opt/st/stm32cubeide_1.6.0/plugins/com.st.stm32cube.ide.mcu.externaltools.gnu-tools-for-stm32.9-2020-q2-update.linux64_1.5.0.202011040924/tools/bin/../lib/gcc/arm-none-eabi/9.3.1/thumb/v7-m/nofp/crti.o
 .bss           0x0000000000000000        0x0 /opt/st/stm32cubeide_1.6.0/plugins/com.st.stm32cube.ide.mcu.externaltools.gnu-tools-for-stm32.9-2020-q2-update.linux64_1.5.0.202011040924/tools/bin/../lib/gcc/arm-none-eabi/9.3.1/thumb/v7-m/nofp/crti.o
 .data          0x0000000000000000        0x4 /opt/st/stm32cubeide_1.6.0/plugins/com.st.stm32cube.ide.mcu.externaltools.gnu-tools-for-stm32.9-2020-q2-update.linux64_1.5.0.202011040924/tools/bin/../lib/gcc/arm-none-eabi/9.3.1/thumb/v7-m/nofp/crtbegin.o
 .text          0x0000000000000000       0x7c /opt/st/stm32cubeide_1.6.0/plugins/com.st.stm32cube.ide.mcu.externaltools.gnu-tools-for-stm32.9-2020-q2-update.linux64_1.5.0.202011040924/tools/bin/../lib/gcc/arm-none-eabi/9.3.1/../../../../arm-none-eabi/lib/thumb/v7-m/nofp/crt0.o
 .data          0x0000000000000000        0x0 /opt/st/stm32cubeide_1.6.0/plugins/com.st.stm32cube.ide.mcu.externaltools.gnu-tools-for-stm32.9-2020-q2-update.linux64_1.5.0.202011040924/tools/bin/../lib/gcc/arm-none-eabi/9.3.1/../../../../arm-none-eabi/lib/thumb/v7-m/nofp/crt0.o
 .bss           0x0000000000000000        0x0 /opt/st/stm32cubeide_1.6.0/plugins/com.st.stm32cube.ide.mcu.externaltools.gnu-tools-for-stm32.9-2020-q2-update.linux64_1.5.0.202011040924/tools/bin/../lib/gcc/arm-none-eabi/9.3.1/../../../../arm-none-eabi/lib/thumb/v7-m/nofp/crt0.o
[...]
Memory Configuration

Name             Origin             Length             Attributes
RAM              0x0000000020000000 0x0000000000005000 xrw
FLASH            0x0000000008000000 0x0000000000010000 xr
*default*        0x0000000000000000 0xffffffffffffffff

Linker script and memory map

LOAD /opt/st/stm32cubeide_1.6.0/plugins/com.st.stm32cube.ide.mcu.externaltools.gnu-tools-for-stm32.9-2020-q2-update.linux64_1.5.0.202011040924/tools/bin/../lib/gcc/arm-none-eabi/9.3.1/thumb/v7-m/nofp/crti.o
LOAD /opt/st/stm32cubeide_1.6.0/plugins/com.st.stm32cube.ide.mcu.externaltools.gnu-tools-for-stm32.9-2020-q2-update.linux64_1.5.0.202011040924/tools/bin/../lib/gcc/arm-none-eabi/9.3.1/thumb/v7-m/nofp/crtbegin.o
LOAD /opt/st/stm32cubeide_1.6.0/plugins/com.st.stm32cube.ide.mcu.externaltools.gnu-tools-for-stm32.9-2020-q2-update.linux64_1.5.0.202011040924/tools/bin/../lib/gcc/arm-none-eabi/9.3.1/../../../../arm-none-eabi/lib/thumb/v7-m/nofp/crt0.o
LOAD Core/Src/i2c-lcd.o
LOAD Core/Src/main.o
LOAD Core/Src/stm32f1xx_hal_msp.o
LOAD Core/Src/stm32f1xx_it.o
LOAD Core/Src/syscalls.o
LOAD Core/Src/sysmem.o
LOAD Core/Src/system_stm32f1xx.o
LOAD Core/Startup/startup_stm32f103c8tx.o
LOAD Drivers/STM32F1xx_HAL_Driver/Src/stm32f1xx_hal.o
LOAD Drivers/STM32F1xx_HAL_Driver/Src/stm32f1xx_hal_adc.o
LOAD Drivers/STM32F1xx_HAL_Driver/Src/stm32f1xx_hal_adc_ex.o
LOAD Drivers/STM32F1xx_HAL_Driver/Src/stm32f1xx_hal_cortex.o
LOAD Drivers/STM32F1xx_HAL_Driver/Src/stm32f1xx_hal_dma.o
LOAD Drivers/STM32F1xx_HAL_Driver/Src/stm32f1xx_hal_exti.o
LOAD Drivers/STM32F1xx_HAL_Driver/Src/stm32f1xx_hal_flash.o
LOAD Drivers/STM32F1xx_HAL_Driver/Src/stm32f1xx_hal_flash_ex.o
LOAD Drivers/STM32F1xx_HAL_Driver/Src/stm32f1xx_hal_gpio.o
LOAD Drivers/STM32F1xx_HAL_Driver/Src/stm32f1xx_hal_gpio_ex.o
LOAD Drivers/STM32F1xx_HAL_Driver/Src/stm32f1xx_hal_i2c.o
LOAD Drivers/STM32F1xx_HAL_Driver/Src/stm32f1xx_hal_pwr.o
LOAD Drivers/STM32F1xx_HAL_Driver/Src/stm32f1xx_hal_rcc.o
LOAD Drivers/STM32F1xx_HAL_Driver/Src/stm32f1xx_hal_rcc_ex.o
LOAD Drivers/STM32F1xx_HAL_Driver/Src/stm32f1xx_hal_tim.o
LOAD Drivers/STM32F1xx_HAL_Driver/Src/stm32f1xx_hal_tim_ex.o
START GROUP
LOAD /opt/st/stm32cubeide_1.6.0/plugins/com.st.stm32cube.ide.mcu.externaltools.gnu-tools-for-stm32.9-2020-q2-update.linux64_1.5.0.202011040924/tools/bin/../lib/gcc/arm-none-eabi/9.3.1/../../../../arm-none-eabi/lib/thumb/v7-m/nofp/libc_nano.a
LOAD /opt/st/stm32cubeide_1.6.0/plugins/com.st.stm32cube.ide.mcu.externaltools.gnu-tools-for-stm32.9-2020-q2-update.linux64_1.5.0.202011040924/tools/bin/../lib/gcc/arm-none-eabi/9.3.1/../../../../arm-none-eabi/lib/thumb/v7-m/nofp/libm.a
END GROUP
START GROUP
LOAD /opt/st/stm32cubeide_1.6.0/plugins/com.st.stm32cube.ide.mcu.externaltools.gnu-tools-for-stm32.9-2020-q2-update.linux64_1.5.0.202011040924/tools/bin/../lib/gcc/arm-none-eabi/9.3.1/thumb/v7-m/nofp/libgcc.a
LOAD /opt/st/stm32cubeide_1.6.0/plugins/com.st.stm32cube.ide.mcu.externaltools.gnu-tools-for-stm32.9-2020-q2-update.linux64_1.5.0.202011040924/tools/bin/../lib/gcc/arm-none-eabi/9.3.1/../../../../arm-none-eabi/lib/thumb/v7-m/nofp/libc_nano.a
END GROUP
START GROUP
LOAD /opt/st/stm32cubeide_1.6.0/plugins/com.st.stm32cube.ide.mcu.externaltools.gnu-tools-for-stm32.9-2020-q2-update.linux64_1.5.0.202011040924/tools/bin/../lib/gcc/arm-none-eabi/9.3.1/thumb/v7-m/nofp/libgcc.a
LOAD /opt/st/stm32cubeide_1.6.0/plugins/com.st.stm32cube.ide.mcu.externaltools.gnu-tools-for-stm32.9-2020-q2-update.linux64_1.5.0.202011040924/tools/bin/../lib/gcc/arm-none-eabi/9.3.1/../../../../arm-none-eabi/lib/thumb/v7-m/nofp/libc_nano.a
LOAD /opt/st/stm32cubeide_1.6.0/plugins/com.st.stm32cube.ide.mcu.externaltools.gnu-tools-for-stm32.9-2020-q2-update.linux64_1.5.0.202011040924/tools/bin/../lib/gcc/arm-none-eabi/9.3.1/../../../../arm-none-eabi/lib/thumb/v7-m/nofp/libnosys.a
END GROUP
START GROUP
LOAD /opt/st/stm32cubeide_1.6.0/plugins/com.st.stm32cube.ide.mcu.externaltools.gnu-tools-for-stm32.9-2020-q2-update.linux64_1.5.0.202011040924/tools/bin/../lib/gcc/arm-none-eabi/9.3.1/thumb/v7-m/nofp/libgcc.a
LOAD /opt/st/stm32cubeide_1.6.0/plugins/com.st.stm32cube.ide.mcu.externaltools.gnu-tools-for-stm32.9-2020-q2-update.linux64_1.5.0.202011040924/tools/bin/../lib/gcc/arm-none-eabi/9.3.1/../../../../arm-none-eabi/lib/thumb/v7-m/nofp/libc_nano.a
LOAD /opt/st/stm32cubeide_1.6.0/plugins/com.st.stm32cube.ide.mcu.externaltools.gnu-tools-for-stm32.9-2020-q2-update.linux64_1.5.0.202011040924/tools/bin/../lib/gcc/arm-none-eabi/9.3.1/../../../../arm-none-eabi/lib/thumb/v7-m/nofp/libnosys.a
END GROUP
LOAD /opt/st/stm32cubeide_1.6.0/plugins/com.st.stm32cube.ide.mcu.externaltools.gnu-tools-for-stm32.9-2020-q2-update.linux64_1.5.0.202011040924/tools/bin/../lib/gcc/arm-none-eabi/9.3.1/thumb/v7-m/nofp/crtend.o
LOAD /opt/st/stm32cubeide_1.6.0/plugins/com.st.stm32cube.ide.mcu.externaltools.gnu-tools-for-stm32.9-2020-q2-update.linux64_1.5.0.202011040924/tools/bin/../lib/gcc/arm-none-eabi/9.3.1/thumb/v7-m/nofp/crtn.o
                0x0000000020005000                _estack = (ORIGIN (RAM) + LENGTH (RAM))
                0x0000000000000200                _Min_Heap_Size = 0x200
                0x0000000000000400                _Min_Stack_Size = 0x400

.isr_vector     0x0000000008000000      0x10c
                0x0000000008000000                . = ALIGN (0x4)
 *(.isr_vector)
 .isr_vector    0x0000000008000000      0x10c Core/Startup/startup_stm32f103c8tx.o
                0x0000000008000000                g_pfnVectors
                0x000000000800010c                . = ALIGN (0x4)

.text           0x000000000800010c     0x326c
                0x000000000800010c                . = ALIGN (0x4)
 *(.text)
 .text          0x000000000800010c       0x40 /opt/st/stm32cubeide_1.6.0/plugins/com.st.stm32cube.ide.mcu.externaltools.gnu-tools-for-stm32.9-2020-q2-update.linux64_1.5.0.202011040924/tools/bin/../lib/gcc/arm-none-eabi/9.3.1/thumb/v7-m/nofp/crtbegin.o
 *(.text*)
 .text.lcd_send_cmd
                0x000000000800014c       0x60 Core/Src/i2c-lcd.o
                0x000000000800014c                lcd_send_cmd
 .text.lcd_send_data
                0x00000000080001ac       0x60 Core/Src/i2c-lcd.o
                0x00000000080001ac                lcd_send_data
 .text.lcd_init
                0x000000000800020c       0x74 Core/Src/i2c-lcd.o
                0x000000000800020c                lcd_init
 .text.lcd_send_string
                0x0000000008000280       0x2a Core/Src/i2c-lcd.o
                0x0000000008000280                lcd_send_string
 *fill*         0x00000000080002aa        0x2 
 .text.main     0x00000000080002ac       0x74 Core/Src/main.o
                0x00000000080002ac                main
 .text.SystemClock_Config
                0x0000000008000320       0xb6 Core/Src/main.o
                0x0000000008000320                SystemClock_Config
 *fill*         0x00000000080003d6        0x2 
 .text.MX_ADC1_Init
                0x00000000080003d8       0x7c Core/Src/main.o
 .text.MX_I2C1_Init
                0x0000000008000454       0x5c Core/Src/main.o
 .text.MX_DMA_Init
                0x00000000080004b0       0x3c Core/Src/main.o
 .text.MX_GPIO_Init
                0x00000000080004ec       0xac Core/Src/main.o
 .text.HAL_GPIO_EXTI_Callback
                0x0000000008000598       0x80 Core/Src/main.o
                0x0000000008000598                HAL_GPIO_EXTI_Callback
 .text.updateDataGUI
                0x0000000008000618      0x500 Core/Src/main.o
                0x0000000008000618                updateDataGUI
 .text.updateLCD
                0x0000000008000b18       0xe0 Core/Src/main.o
                0x0000000008000b18                updateLCD
 .text.printScreenSettingTemp
                0x0000000008000bf8       0x58 Core/Src/main.o
                0x0000000008000bf8                printScreenSettingTemp
 .text.updateCursor
                0x0000000008000c50      0x158 Core/Src/main.o
                0x0000000008000c50                updateCursor
 .text.printCursor
                0x0000000008000da8       0xc0 Core/Src/main.o
                0x0000000008000da8                printCursor
 .text.clearAllCursor
                0x0000000008000e68       0x4c Core/Src/main.o
                0x0000000008000e68                clearAllCursor
 .text.printScreen
                0x0000000008000eb4       0x4c Core/Src/main.o
                0x0000000008000eb4                printScreen
 .text.clearScreen
                0x0000000008000f00       0x14 Core/Src/main.o
                0x0000000008000f00                clearScreen
 .text.Error_Handler
                0x0000000008000f14        0xa Core/Src/main.o
                0x0000000008000f14                Error_Handler
 *fill*         0x0000000008000f1e        0x2 
 .text.HAL_MspInit
                0x0000000008000f20       0x64 Core/Src/stm32f1xx_hal_msp.o
                0x0000000008000f20                HAL_MspInit
 .text.HAL_ADC_MspInit
                0x0000000008000f84       0xe0 Core/Src/stm32f1xx_hal_msp.o
                0x0000000008000f84                HAL_ADC_MspInit
 .text.HAL_I2C_MspInit
                0x0000000008001064       0xa0 Core/Src/stm32f1xx_hal_msp.o
                0x0000000008001064                HAL_I2C_MspInit
 .text.NMI_Handler
                0x0000000008001104        0x6 Core/Src/stm32f1xx_it.o
                0x0000000008001104                NMI_Handler
 .text.HardFault_Handler
                0x000000000800110a        0x6 Core/Src/stm32f1xx_it.o
                0x000000000800110a                HardFault_Handler
 .text.MemManage_Handler
                0x0000000008001110        0x6 Core/Src/stm32f1xx_it.o
                0x0000000008001110                MemManage_Handler
 .text.BusFault_Handler
                0x0000000008001116        0x6 Core/Src/stm32f1xx_it.o
                0x0000000008001116                BusFault_Handler
 .text.UsageFault_Handler
                0x000000000800111c        0x6 Core/Src/stm32f1xx_it.o
                0x000000000800111c                UsageFault_Handler
 .text.SVC_Handler
                0x0000000008001122        0xc Core/Src/stm32f1xx_it.o
                0x0000000008001122                SVC_Handler
 .text.DebugMon_Handler
                0x000000000800112e        0xc Core/Src/stm32f1xx_it.o
                0x000000000800112e                DebugMon_Handler
 .text.PendSV_Handler
                0x000000000800113a        0xc Core/Src/stm32f1xx_it.o
                0x000000000800113a                PendSV_Handler
 .text.SysTick_Handler
                0x0000000008001146        0xc Core/Src/stm32f1xx_it.o
                0x0000000008001146                SysTick_Handler
 *fill*         0x0000000008001152        0x2 
 .text.DMA1_Channel1_IRQHandler
                0x0000000008001154       0x14 Core/Src/stm32f1xx_it.o
                0x0000000008001154                DMA1_Channel1_IRQHandler
 .text.ADC1_2_IRQHandler
                0x0000000008001168       0x14 Core/Src/stm32f1xx_it.o
                0x0000000008001168                ADC1_2_IRQHandler
 .text.EXTI9_5_IRQHandler
                0x000000000800117c       0x10 Core/Src/stm32f1xx_it.o
                0x000000000800117c                EXTI9_5_IRQHandler
 .text.EXTI15_10_IRQHandler
                0x000000000800118c       0x18 Core/Src/stm32f1xx_it.o
                0x000000000800118c                EXTI15_10_IRQHandler
 .text.SystemInit
                0x00000000080011a4        0xc Core/Src/system_stm32f1xx.o
                0x00000000080011a4                SystemInit
 .text.Reset_Handler
                0x00000000080011b0       0x48 Core/Startup/startup_stm32f103c8tx.o
                0x00000000080011b0                Reset_Handler
 .text.Default_Handler
                0x00000000080011f8        0x2 Core/Startup/startup_stm32f103c8tx.o
                0x00000000080011f8                RTC_Alarm_IRQHandler
                0x00000000080011f8                EXTI2_IRQHandler
                0x00000000080011f8                TIM1_CC_IRQHandler
                0x00000000080011f8                PVD_IRQHandler
                0x00000000080011f8                EXTI3_IRQHandler
                0x00000000080011f8                EXTI0_IRQHandler
                0x00000000080011f8                I2C2_EV_IRQHandler
                0x00000000080011f8                SPI1_IRQHandler
                0x00000000080011f8                TAMPER_IRQHandler
                0x00000000080011f8                DMA1_Channel4_IRQHandler
                0x00000000080011f8                USART3_IRQHandler
                0x00000000080011f8                RTC_IRQHandler
                0x00000000080011f8                DMA1_Channel7_IRQHandler
                0x00000000080011f8                CAN1_RX1_IRQHandler
                0x00000000080011f8                TIM4_IRQHandler
                0x00000000080011f8                I2C1_EV_IRQHandler
                0x00000000080011f8                DMA1_Channel6_IRQHandler
                0x00000000080011f8                TIM3_IRQHandler
                0x00000000080011f8                RCC_IRQHandler
                0x00000000080011f8                TIM1_TRG_COM_IRQHandler
                0x00000000080011f8                Default_Handler
                0x00000000080011f8                SPI2_IRQHandler
                0x00000000080011f8                DMA1_Channel5_IRQHandler
                0x00000000080011f8                EXTI4_IRQHandler
                0x00000000080011f8                USB_LP_CAN1_RX0_IRQHandler
                0x00000000080011f8                USB_HP_CAN1_TX_IRQHandler
                0x00000000080011f8                DMA1_Channel3_IRQHandler
                0x00000000080011f8                TIM1_UP_IRQHandler
                0x00000000080011f8                WWDG_IRQHandler
                0x00000000080011f8                TIM2_IRQHandler
                0x00000000080011f8                TIM1_BRK_IRQHandler
                0x00000000080011f8                EXTI1_IRQHandler
                0x00000000080011f8                USART2_IRQHandler
                0x00000000080011f8                I2C2_ER_IRQHandler
                0x00000000080011f8                DMA1_Channel2_IRQHandler
                0x00000000080011f8                CAN1_SCE_IRQHandler
                0x00000000080011f8                FLASH_IRQHandler
                0x00000000080011f8                USART1_IRQHandler
                0x00000000080011f8                I2C1_ER_IRQHandler
                0x00000000080011f8                USBWakeUp_IRQHandler
 *fill*         0x00000000080011fa        0x2 
 .text.HAL_Init
                0x00000000080011fc       0x2c Drivers/STM32F1xx_HAL_Driver/Src/stm32f1xx_hal.o
                0x00000000080011fc                HAL_Init
 .text.HAL_InitTick
                0x0000000008001228       0x60 Drivers/STM32F1xx_HAL_Driver/Src/stm32f1xx_hal.o
                0x0000000008001228                HAL_InitTick
 .text.HAL_IncTick
                0x0000000008001288       0x24 Drivers/STM32F1xx_HAL_Driver/Src/stm32f1xx_hal.o
                0x0000000008001288                HAL_IncTick
 .text.HAL_GetTick
                0x00000000080012ac       0x14 Drivers/STM32F1xx_HAL_Driver/Src/stm32f1xx_hal.o
                0x00000000080012ac                HAL_GetTick
 .text.HAL_Delay
                0x00000000080012c0       0x48 Drivers/STM32F1xx_HAL_Driver/Src/stm32f1xx_hal.o
                0x00000000080012c0                HAL_Delay
 .text.HAL_ADC_Init
                0x0000000008001308      0x1b0 Drivers/STM32F1xx_HAL_Driver/Src/stm32f1xx_hal_adc.o
                0x0000000008001308                HAL_ADC_Init
 .text.HAL_ADC_IRQHandler
                0x00000000080014b8      0x186 Drivers/STM32F1xx_HAL_Driver/Src/stm32f1xx_hal_adc.o
                0x00000000080014b8                HAL_ADC_IRQHandler
 .text.HAL_ADC_ConvCpltCallback
                0x000000000800163e       0x12 Drivers/STM32F1xx_HAL_Driver/Src/stm32f1xx_hal_adc.o
                0x000000000800163e                HAL_ADC_ConvCpltCallback
 .text.HAL_ADC_LevelOutOfWindowCallback
                0x0000000008001650       0x12 Drivers/STM32F1xx_HAL_Driver/Src/stm32f1xx_hal_adc.o
                0x0000000008001650                HAL_ADC_LevelOutOfWindowCallback
 *fill*         0x0000000008001662        0x2 
 .text.HAL_ADC_ConfigChannel
                0x0000000008001664      0x1f0 Drivers/STM32F1xx_HAL_Driver/Src/stm32f1xx_hal_adc.o
                0x0000000008001664                HAL_ADC_ConfigChannel
 .text.ADC_ConversionStop_Disable
                0x0000000008001854       0x82 Drivers/STM32F1xx_HAL_Driver/Src/stm32f1xx_hal_adc.o
                0x0000000008001854                ADC_ConversionStop_Disable
 .text.HAL_ADCEx_InjectedConvCpltCallback
                0x00000000080018d6       0x12 Drivers/STM32F1xx_HAL_Driver/Src/stm32f1xx_hal_adc_ex.o
                0x00000000080018d6                HAL_ADCEx_InjectedConvCpltCallback
 .text.__NVIC_SetPriorityGrouping
                0x00000000080018e8       0x48 Drivers/STM32F1xx_HAL_Driver/Src/stm32f1xx_hal_cortex.o
 .text.__NVIC_GetPriorityGrouping
                0x0000000008001930       0x1c Drivers/STM32F1xx_HAL_Driver/Src/stm32f1xx_hal_cortex.o
 .text.__NVIC_EnableIRQ
                0x000000000800194c       0x38 Drivers/STM32F1xx_HAL_Driver/Src/stm32f1xx_hal_cortex.o
 .text.__NVIC_SetPriority
                0x0000000008001984       0x54 Drivers/STM32F1xx_HAL_Driver/Src/stm32f1xx_hal_cortex.o
 .text.NVIC_EncodePriority
                0x00000000080019d8       0x64 Drivers/STM32F1xx_HAL_Driver/Src/stm32f1xx_hal_cortex.o
 .text.SysTick_Config
                0x0000000008001a3c       0x44 Drivers/STM32F1xx_HAL_Driver/Src/stm32f1xx_hal_cortex.o
 .text.HAL_NVIC_SetPriorityGrouping
                0x0000000008001a80       0x16 Drivers/STM32F1xx_HAL_Driver/Src/stm32f1xx_hal_cortex.o
                0x0000000008001a80                HAL_NVIC_SetPriorityGrouping
 .text.HAL_NVIC_SetPriority
                0x0000000008001a96       0x38 Drivers/STM32F1xx_HAL_Driver/Src/stm32f1xx_hal_cortex.o
                0x0000000008001a96                HAL_NVIC_SetPriority
 .text.HAL_NVIC_EnableIRQ
                0x0000000008001ace       0x1c Drivers/STM32F1xx_HAL_Driver/Src/stm32f1xx_hal_cortex.o
                0x0000000008001ace                HAL_NVIC_EnableIRQ
 .text.HAL_SYSTICK_Config
                0x0000000008001aea       0x18 Drivers/STM32F1xx_HAL_Driver/Src/stm32f1xx_hal_cortex.o
                0x0000000008001aea                HAL_SYSTICK_Config
 *fill*         0x0000000008001b02        0x2 
 .text.HAL_DMA_Init
                0x0000000008001b04       0xb4 Drivers/STM32F1xx_HAL_Driver/Src/stm32f1xx_hal_dma.o
                0x0000000008001b04                HAL_DMA_Init
 .text.HAL_DMA_IRQHandler
                0x0000000008001bb8      0x20c Drivers/STM32F1xx_HAL_Driver/Src/stm32f1xx_hal_dma.o
                0x0000000008001bb8                HAL_DMA_IRQHandler
 .text.HAL_GPIO_Init
                0x0000000008001dc4      0x308 Drivers/STM32F1xx_HAL_Driver/Src/stm32f1xx_hal_gpio.o
                0x0000000008001dc4                HAL_GPIO_Init
 .text.HAL_GPIO_EXTI_IRQHandler
                0x00000000080020cc       0x30 Drivers/STM32F1xx_HAL_Driver/Src/stm32f1xx_hal_gpio.o
                0x00000000080020cc                HAL_GPIO_EXTI_IRQHandler
 .text.HAL_I2C_Init
                0x00000000080020fc      0x288 Drivers/STM32F1xx_HAL_Driver/Src/stm32f1xx_hal_i2c.o
                0x00000000080020fc                HAL_I2C_Init
 .text.HAL_I2C_Master_Transmit
                0x0000000008002384      0x1fc Drivers/STM32F1xx_HAL_Driver/Src/stm32f1xx_hal_i2c.o
                0x0000000008002384                HAL_I2C_Master_Transmit
 .text.I2C_MasterRequestWrite
                0x0000000008002580      0x104 Drivers/STM32F1xx_HAL_Driver/Src/stm32f1xx_hal_i2c.o
 .text.I2C_WaitOnFlagUntilTimeout
                0x0000000008002684       0xae Drivers/STM32F1xx_HAL_Driver/Src/stm32f1xx_hal_i2c.o
 .text.I2C_WaitOnMasterAddressFlagUntilTimeout
                0x0000000008002732       0xfe Drivers/STM32F1xx_HAL_Driver/Src/stm32f1xx_hal_i2c.o
 .text.I2C_WaitOnTXEFlagUntilTimeout
                0x0000000008002830       0x82 Drivers/STM32F1xx_HAL_Driver/Src/stm32f1xx_hal_i2c.o
 .text.I2C_WaitOnBTFFlagUntilTimeout
                0x00000000080028b2       0x82 Drivers/STM32F1xx_HAL_Driver/Src/stm32f1xx_hal_i2c.o
 .text.I2C_IsAcknowledgeFailed
                0x0000000008002934       0x5c Drivers/STM32F1xx_HAL_Driver/Src/stm32f1xx_hal_i2c.o
 .text.HAL_RCC_OscConfig
                0x0000000008002990      0x500 Drivers/STM32F1xx_HAL_Driver/Src/stm32f1xx_hal_rcc.o
                0x0000000008002990                HAL_RCC_OscConfig
 .text.HAL_RCC_ClockConfig
                0x0000000008002e90      0x1d4 Drivers/STM32F1xx_HAL_Driver/Src/stm32f1xx_hal_rcc.o
                0x0000000008002e90                HAL_RCC_ClockConfig
 .text.HAL_RCC_GetSysClockFreq
                0x0000000008003064       0xc0 Drivers/STM32F1xx_HAL_Driver/Src/stm32f1xx_hal_rcc.o
                0x0000000008003064                HAL_RCC_GetSysClockFreq
 .text.HAL_RCC_GetHCLKFreq
                0x0000000008003124       0x14 Drivers/STM32F1xx_HAL_Driver/Src/stm32f1xx_hal_rcc.o
                0x0000000008003124                HAL_RCC_GetHCLKFreq
 .text.HAL_RCC_GetPCLK1Freq
                0x0000000008003138       0x28 Drivers/STM32F1xx_HAL_Driver/Src/stm32f1xx_hal_rcc.o
                0x0000000008003138                HAL_RCC_GetPCLK1Freq
 .text.RCC_Delay
                0x0000000008003160       0x3c Drivers/STM32F1xx_HAL_Driver/Src/stm32f1xx_hal_rcc.o
 .text.HAL_RCCEx_PeriphCLKConfig
                0x000000000800319c      0x16c Drivers/STM32F1xx_HAL_Driver/Src/stm32f1xx_hal_rcc_ex.o
                0x000000000800319c                HAL_RCCEx_PeriphCLKConfig
 .text.__libc_init_array
                0x0000000008003308       0x48 /opt/st/stm32cubeide_1.6.0/plugins/com.st.stm32cube.ide.mcu.externaltools.gnu-tools-for-stm32.9-2020-q2-update.linux64_1.5.0.202011040924/tools/bin/../lib/gcc/arm-none-eabi/9.3.1/../../../../arm-none-eabi/lib/thumb/v7-m/nofp/libc_nano.a(lib_a-init.o)
                0x0000000008003308                __libc_init_array
 .text.memset   0x0000000008003350       0x10 /opt/st/stm32cubeide_1.6.0/plugins/com.st.stm32cube.ide.mcu.externaltools.gnu-tools-for-stm32.9-2020-q2-update.linux64_1.5.0.202011040924/tools/bin/../lib/gcc/arm-none-eabi/9.3.1/../../../../arm-none-eabi/lib/thumb/v7-m/nofp/libc_nano.a(lib_a-memset.o)
                0x0000000008003350                memset
 *(.glue_7)
 .glue_7        0x0000000008003360        0x0 linker stubs
 *(.glue_7t)
 .glue_7t       0x0000000008003360        0x0 linker stubs
 *(.eh_frame)
 .eh_frame      0x0000000008003360        0x0 /opt/st/stm32cubeide_1.6.0/plugins/com.st.stm32cube.ide.mcu.externaltools.gnu-tools-for-stm32.9-2020-q2-update.linux64_1.5.0.202011040924/tools/bin/../lib/gcc/arm-none-eabi/9.3.1/thumb/v7-m/nofp/crtbegin.o
 *(.init)
 .init          0x0000000008003360        0x4 /opt/st/stm32cubeide_1.6.0/plugins/com.st.stm32cube.ide.mcu.externaltools.gnu-tools-for-stm32.9-2020-q2-update.linux64_1.5.0.202011040924/tools/bin/../lib/gcc/arm-none-eabi/9.3.1/thumb/v7-m/nofp/crti.o
                0x0000000008003360                _init
 .init          0x0000000008003364        0x8 /opt/st/stm32cubeide_1.6.0/plugins/com.st.stm32cube.ide.mcu.externaltools.gnu-tools-for-stm32.9-2020-q2-update.linux64_1.5.0.202011040924/tools/bin/../lib/gcc/arm-none-eabi/9.3.1/thumb/v7-m/nofp/crtn.o
 *(.fini)
 .fini          0x000000000800336c        0x4 /opt/st/stm32cubeide_1.6.0/plugins/com.st.stm32cube.ide.mcu.externaltools.gnu-tools-for-stm32.9-2020-q2-update.linux64_1.5.0.202011040924/tools/bin/../lib/gcc/arm-none-eabi/9.3.1/thumb/v7-m/nofp/crti.o
                0x000000000800336c                _fini
 .fini          0x0000000008003370        0x8 /opt/st/stm32cubeide_1.6.0/plugins/com.st.stm32cube.ide.mcu.externaltools.gnu-tools-for-stm32.9-2020-q2-update.linux64_1.5.0.202011040924/tools/bin/../lib/gcc/arm-none-eabi/9.3.1/thumb/v7-m/nofp/crtn.o
                0x0000000008003378                . = ALIGN (0x4)
                0x0000000008003378                _etext = .

.vfp11_veneer   0x0000000008003378        0x0
 .vfp11_veneer  0x0000000008003378        0x0 linker stubs

.v4_bx          0x0000000008003378        0x0
 .v4_bx         0x0000000008003378        0x0 linker stubs

.iplt           0x0000000008003378        0x0
 .iplt          0x0000000008003378        0x0 /opt/st/stm32cubeide_1.6.0/plugins/com.st.stm32cube.ide.mcu.externaltools.gnu-tools-for-stm32.9-2020-q2-update.linux64_1.5.0.202011040924/tools/bin/../lib/gcc/arm-none-eabi/9.3.1/thumb/v7-m/nofp/crtbegin.o

.rodata         0x0000000008003378      0x270
                0x0000000008003378                . = ALIGN (0x4)
 *(.rodata)
 .rodata        0x0000000008003378      0x246 Core/Src/main.o
 *fill*         0x00000000080035be        0x2 
 .rodata        0x00000000080035c0       0x10 Drivers/STM32F1xx_HAL_Driver/Src/stm32f1xx_hal_rcc.o
 *(.rodata*)
 .rodata.AHBPrescTable
                0x00000000080035d0       0x10 Core/Src/system_stm32f1xx.o
                0x00000000080035d0                AHBPrescTable
 .rodata.APBPrescTable
                0x00000000080035e0        0x8 Core/Src/system_stm32f1xx.o
                0x00000000080035e0                APBPrescTable
                0x00000000080035e8                . = ALIGN (0x4)

.rel.dyn        0x00000000080035e8        0x0
 .rel.iplt      0x00000000080035e8        0x0 /opt/st/stm32cubeide_1.6.0/plugins/com.st.stm32cube.ide.mcu.externaltools.gnu-tools-for-stm32.9-2020-q2-update.linux64_1.5.0.202011040924/tools/bin/../lib/gcc/arm-none-eabi/9.3.1/thumb/v7-m/nofp/crtbegin.o

.ARM.extab      0x00000000080035e8        0x0
                0x00000000080035e8                . = ALIGN (0x4)
 *(.ARM.extab* .gnu.linkonce.armextab.*)
                0x00000000080035e8                . = ALIGN (0x4)

.ARM            0x00000000080035e8        0x0
                0x00000000080035e8                . = ALIGN (0x4)
                0x00000000080035e8                __exidx_start = .
 *(.ARM.exidx*)
                0x00000000080035e8                __exidx_end = .
                0x00000000080035e8                . = ALIGN (0x4)

.preinit_array  0x00000000080035e8        0x0
                0x00000000080035e8                . = ALIGN (0x4)
                0x00000000080035e8                PROVIDE (__preinit_array_start = .)
 *(.preinit_array*)
                0x00000000080035e8                PROVIDE (__preinit_array_end = .)
                0x00000000080035e8                . = ALIGN (0x4)

.init_array     0x00000000080035e8        0x4
                0x00000000080035e8                . = ALIGN (0x4)
                0x00000000080035e8                PROVIDE (__init_array_start = .)
 *(SORT_BY_NAME(.init_array.*))
 *(.init_array*)
 .init_array    0x00000000080035e8        0x4 /opt/st/stm32cubeide_1.6.0/plugins/com.st.stm32cube.ide.mcu.externaltools.gnu-tools-for-stm32.9-2020-q2-update.linux64_1.5.0.202011040924/tools/bin/../lib/gcc/arm-none-eabi/9.3.1/thumb/v7-m/nofp/crtbegin.o
                0x00000000080035ec                PROVIDE (__init_array_end = .)
                0x00000000080035ec                . = ALIGN (0x4)

.fini_array     0x00000000080035ec        0x4
                0x00000000080035ec                . = ALIGN (0x4)
                [!provide]                        PROVIDE (__fini_array_start = .)
 *(SORT_BY_NAME(.fini_array.*))
 *(.fini_array*)
 .fini_array    0x00000000080035ec        0x4 /opt/st/stm32cubeide_1.6.0/plugins/com.st.stm32cube.ide.mcu.externaltools.gnu-tools-for-stm32.9-2020-q2-update.linux64_1.5.0.202011040924/tools/bin/../lib/gcc/arm-none-eabi/9.3.1/thumb/v7-m/nofp/crtbegin.o
                [!provide]                        PROVIDE (__fini_array_end = .)
                0x00000000080035f0                . = ALIGN (0x4)
                0x00000000080035f0                _sidata = LOADADDR (.data)

.data           0x0000000020000000       0xe0 load address 0x00000000080035f0
                0x0000000020000000                . = ALIGN (0x4)
                0x0000000020000000                _sdata = .
 *(.data)
 *(.data*)
 .data.reg_lines
                0x0000000020000000       0x10 Core/Src/main.o
                0x0000000020000000                reg_lines
 .data.CURSOR   0x0000000020000010        0x4 Core/Src/main.o
                0x0000000020000010                CURSOR
 .data.CHAR_VACIO
                0x0000000020000014        0x4 Core/Src/main.o
                0x0000000020000014                CHAR_VACIO
 .data.ScreenStart
                0x0000000020000018       0x10 Core/Src/main.o
                0x0000000020000018                ScreenStart
 .data.ScreenWorking
                0x0000000020000028       0x10 Core/Src/main.o
                0x0000000020000028                ScreenWorking
 .data.PrinMenu1
                0x0000000020000038       0x10 Core/Src/main.o
                0x0000000020000038                PrinMenu1
 .data.PrinMenu2
                0x0000000020000048       0x10 Core/Src/main.o
                0x0000000020000048                PrinMenu2
 .data.SubMenu1
                0x0000000020000058       0x10 Core/Src/main.o
                0x0000000020000058                SubMenu1
 .data.SubMenu1_2
                0x0000000020000068       0x10 Core/Src/main.o
                0x0000000020000068                SubMenu1_2
 .data.SubMenu2
                0x0000000020000078       0x10 Core/Src/main.o
                0x0000000020000078                SubMenu2
 .data.SubMenu3
                0x0000000020000088       0x10 Core/Src/main.o
                0x0000000020000088                SubMenu3
 .data.SubMenu4
                0x0000000020000098       0x10 Core/Src/main.o
                0x0000000020000098                SubMenu4
 .data.SubMenu5
                0x00000000200000a8       0x10 Core/Src/main.o
                0x00000000200000a8                SubMenu5
 .data.SubMenu6
                0x00000000200000b8       0x10 Core/Src/main.o
                0x00000000200000b8                SubMenu6
 .data.previousIndexes
                0x00000000200000c8        0x9 Core/Src/main.o
                0x00000000200000c8                previousIndexes
 *fill*         0x00000000200000d1        0x3 
 .data.SystemCoreClock
                0x00000000200000d4        0x4 Core/Src/system_stm32f1xx.o
                0x00000000200000d4                SystemCoreClock
 .data.uwTickPrio
                0x00000000200000d8        0x4 Drivers/STM32F1xx_HAL_Driver/Src/stm32f1xx_hal.o
                0x00000000200000d8                uwTickPrio
 .data.uwTickFreq
                0x00000000200000dc        0x1 Drivers/STM32F1xx_HAL_Driver/Src/stm32f1xx_hal.o
                0x00000000200000dc                uwTickFreq
 *(.RamFunc)
 *(.RamFunc*)
                0x00000000200000e0                . = ALIGN (0x4)
 *fill*         0x00000000200000dd        0x3 
                0x00000000200000e0                _edata = .

.igot.plt       0x00000000200000e0        0x0 load address 0x00000000080036d0
 .igot.plt      0x00000000200000e0        0x0 /opt/st/stm32cubeide_1.6.0/plugins/com.st.stm32cube.ide.mcu.externaltools.gnu-tools-for-stm32.9-2020-q2-update.linux64_1.5.0.202011040924/tools/bin/../lib/gcc/arm-none-eabi/9.3.1/thumb/v7-m/nofp/crtbegin.o
                0x00000000200000e0                . = ALIGN (0x4)

.bss            0x00000000200000e0      0x110 load address 0x00000000080036d0
                0x00000000200000e0                _sbss = .
                0x00000000200000e0                __bss_start__ = _sbss
 *(.bss)
 .bss           0x00000000200000e0       0x1c /opt/st/stm32cubeide_1.6.0/plugins/com.st.stm32cube.ide.mcu.externaltools.gnu-tools-for-stm32.9-2020-q2-update.linux64_1.5.0.202011040924/tools/bin/../lib/gcc/arm-none-eabi/9.3.1/thumb/v7-m/nofp/crtbegin.o
 *(.bss*)
 .bss.currentScreen
                0x00000000200000fc        0x1 Core/Src/main.o
                0x00000000200000fc                currentScreen
 .bss.previousScreen
                0x00000000200000fd        0x1 Core/Src/main.o
                0x00000000200000fd                previousScreen
 *fill*         0x00000000200000fe        0x2 
 .bss.previousTick
                0x0000000020000100        0x4 Core/Src/main.o
                0x0000000020000100                previousTick
 .bss.currentTick
                0x0000000020000104        0x4 Core/Src/main.o
                0x0000000020000104                currentTick
 .bss.btnPressed
                0x0000000020000108        0x1 Core/Src/main.o
                0x0000000020000108                btnPressed
 *fill*         0x0000000020000109        0x3 
 .bss.indexes   0x000000002000010c        0x9 Core/Src/main.o
                0x000000002000010c                indexes
 *(COMMON)
 *fill*         0x0000000020000115        0x3 
 COMMON         0x0000000020000118       0xd4 Core/Src/main.o
                0x0000000020000118                hi2c1
                0x000000002000016c                hadc1
                0x000000002000019c                PETfilConv1
                0x00000000200001a8                hdma_adc1
 COMMON         0x00000000200001ec        0x4 Drivers/STM32F1xx_HAL_Driver/Src/stm32f1xx_hal.o
                0x00000000200001ec                uwTick
                0x00000000200001f0                . = ALIGN (0x4)
                0x00000000200001f0                _ebss = .
                0x00000000200001f0                __bss_end__ = _ebss

._user_heap_stack
                0x00000000200001f0      0x600 load address 0x00000000080036d0
                0x00000000200001f0                . = ALIGN (0x8)
                [!provide]                        PROVIDE (end = .)
                0x00000000200001f0                PROVIDE (_end = .)
                0x00000000200003f0                . = (. + _Min_Heap_Size)
 *fill*         0x00000000200001f0      0x200 
                0x00000000200007f0                . = (. + _Min_Stack_Size)
 *fill*         0x00000000200003f0      0x400 
                0x00000000200007f0                . = ALIGN (0x8)

/DISCARD/
 libc.a(*)
 libm.a(*)
 libgcc.a(*)

.ARM.attributes
                0x0000000000000000       0x29
 *(.ARM.attributes)
 .ARM.attributes
                0x0000000000000000       0x1d /opt/st/stm32cubeide_1.6.0/plugins/com.st.stm32cube.ide.mcu.externaltools.gnu-tools-for-stm32.9-2020-q2-update.linux64_1.5.0.202011040924/tools/bin/../lib/gcc/arm-none-eabi/9.3.1/thumb/v7-m/nofp/crti.o
 .ARM.attributes
                0x000000000000001d       0x2d /opt/st/stm32cubeide_1.6.0/plugins/com.st.stm32cube.ide.mcu.externaltools.gnu-tools-for-stm32.9-2020-q2-update.linux64_1.5.0.202011040924/tools/bin/../lib/gcc/arm-none-eabi/9.3.1/thumb/v7-m/nofp/crtbegin.o
 .ARM.attributes
                0x000000000000004a       0x2d Core/Src/i2c-lcd.o
 .ARM.attributes
                0x0000000000000077       0x2d Core/Src/main.o
 .ARM.attributes
                0x00000000000000a4       0x2d Core/Src/stm32f1xx_hal_msp.o
 .ARM.attributes
                0x00000000000000d1       0x2d Core/Src/stm32f1xx_it.o
 .ARM.attributes
                0x00000000000000fe       0x2d Core/Src/system_stm32f1xx.o
 .ARM.attributes
                0x000000000000012b       0x21 Core/Startup/startup_stm32f103c8tx.o
 .ARM.attributes
                0x000000000000014c       0x2d Drivers/STM32F1xx_HAL_Driver/Src/stm32f1xx_hal.o
 .ARM.attributes
                0x0000000000000179       0x2d Drivers/STM32F1xx_HAL_Driver/Src/stm32f1xx_hal_adc.o
 .ARM.attributes
                0x00000000000001a6       0x2d Drivers/STM32F1xx_HAL_Driver/Src/stm32f1xx_hal_adc_ex.o
 .ARM.attributes
                0x00000000000001d3       0x2d Drivers/STM32F1xx_HAL_Driver/Src/stm32f1xx_hal_cortex.o
 .ARM.attributes
                0x0000000000000200       0x2d Drivers/STM32F1xx_HAL_Driver/Src/stm32f1xx_hal_dma.o
 .ARM.attributes
                0x000000000000022d       0x2d Drivers/STM32F1xx_HAL_Driver/Src/stm32f1xx_hal_gpio.o
 .ARM.attributes
                0x000000000000025a       0x2d Drivers/STM32F1xx_HAL_Driver/Src/stm32f1xx_hal_i2c.o
 .ARM.attributes
                0x0000000000000287       0x2d Drivers/STM32F1xx_HAL_Driver/Src/stm32f1xx_hal_rcc.o
 .ARM.attributes
                0x00000000000002b4       0x2d Drivers/STM32F1xx_HAL_Driver/Src/stm32f1xx_hal_rcc_ex.o
 .ARM.attributes
                0x00000000000002e1       0x2d /opt/st/stm32cubeide_1.6.0/plugins/com.st.stm32cube.ide.mcu.externaltools.gnu-tools-for-stm32.9-2020-q2-update.linux64_1.5.0.202011040924/tools/bin/../lib/gcc/arm-none-eabi/9.3.1/../../../../arm-none-eabi/lib/thumb/v7-m/nofp/libc_nano.a(lib_a-init.o)
 .ARM.attributes
                0x000000000000030e       0x2d /opt/st/stm32cubeide_1.6.0/plugins/com.st.stm32cube.ide.mcu.externaltools.gnu-tools-for-stm32.9-2020-q2-update.linux64_1.5.0.202011040924/tools/bin/../lib/gcc/arm-none-eabi/9.3.1/../../../../arm-none-eabi/lib/thumb/v7-m/nofp/libc_nano.a(lib_a-memset.o)
 .ARM.attributes
                0x000000000000033b       0x1d /opt/st/stm32cubeide_1.6.0/plugins/com.st.stm32cube.ide.mcu.externaltools.gnu-tools-for-stm32.9-2020-q2-update.linux64_1.5.0.202011040924/tools/bin/../lib/gcc/arm-none-eabi/9.3.1/thumb/v7-m/nofp/crtn.o
OUTPUT(menu_lcd_encoder.elf elf32-littlearm)
LOAD linker stubs
LOAD /opt/st/stm32cubeide_1.6.0/plugins/com.st.stm32cube.ide.mcu.externaltools.gnu-tools-for-stm32.9-2020-q2-update.linux64_1.5.0.202011040924/tools/bin/../lib/gcc/arm-none-eabi/9.3.1/../../../../arm-none-eabi/lib/thumb/v7-m/nofp/libc.a
LOAD /opt/st/stm32cubeide_1.6.0/plugins/com.st.stm32cube.ide.mcu.externaltools.gnu-tools-for-stm32.9-2020-q2-update.linux64_1.5.0.202011040924/tools/bin/../lib/gcc/arm-none-eabi/9.3.1/../../../../arm-none-eabi/lib/thumb/v7-m/nofp/libm.a
LOAD /opt/st/stm32cubeide_1.6.0/plugins/com.st.stm32cube.ide.mcu.externaltools.gnu-tools-for-stm32.9-2020-q2-update.linux64_1.5.0.202011040924/tools/bin/../lib/gcc/arm-none-eabi/9.3.1/thumb/v7-m/nofp/libgcc.a

.debug_info     0x0000000000000000     0xa195
 .debug_info    0x0000000000000000      0x7aa Core/Src/i2c-lcd.o
 .debug_info    0x00000000000007aa     0x13b2 Core/Src/main.o
 .debug_info    0x0000000000001b5c      0xd9c Core/Src/stm32f1xx_hal_msp.o
 .debug_info    0x00000000000028f8      0x6e8 Core/Src/stm32f1xx_it.o
 .debug_info    0x0000000000002fe0      0x2be Core/Src/system_stm32f1xx.o
 .debug_info    0x000000000000329e       0x22 Core/Startup/startup_stm32f103c8tx.o
 .debug_info    0x00000000000032c0      0x76a Drivers/STM32F1xx_HAL_Driver/Src/stm32f1xx_hal.o
 .debug_info    0x0000000000003a2a      0xd2d Drivers/STM32F1xx_HAL_Driver/Src/stm32f1xx_hal_adc.o
 .debug_info    0x0000000000004757      0xaa7 Drivers/STM32F1xx_HAL_Driver/Src/stm32f1xx_hal_adc_ex.o
 .debug_info    0x00000000000051fe      0xbdc Drivers/STM32F1xx_HAL_Driver/Src/stm32f1xx_hal_cortex.o
 .debug_info    0x0000000000005dda      0x81e Drivers/STM32F1xx_HAL_Driver/Src/stm32f1xx_hal_dma.o
 .debug_info    0x00000000000065f8      0x701 Drivers/STM32F1xx_HAL_Driver/Src/stm32f1xx_hal_gpio.o
 .debug_info    0x0000000000006cf9     0x278e Drivers/STM32F1xx_HAL_Driver/Src/stm32f1xx_hal_i2c.o
 .debug_info    0x0000000000009487      0x88e Drivers/STM32F1xx_HAL_Driver/Src/stm32f1xx_hal_rcc.o
 .debug_info    0x0000000000009d15      0x480 Drivers/STM32F1xx_HAL_Driver/Src/stm32f1xx_hal_rcc_ex.o

.debug_abbrev   0x0000000000000000     0x1ce0
 .debug_abbrev  0x0000000000000000      0x1cc Core/Src/i2c-lcd.o
 .debug_abbrev  0x00000000000001cc      0x2d3 Core/Src/main.o
 .debug_abbrev  0x000000000000049f      0x1b5 Core/Src/stm32f1xx_hal_msp.o
 .debug_abbrev  0x0000000000000654      0x174 Core/Src/stm32f1xx_it.o
 .debug_abbrev  0x00000000000007c8      0x14e Core/Src/system_stm32f1xx.o
 .debug_abbrev  0x0000000000000916       0x12 Core/Startup/startup_stm32f103c8tx.o
 .debug_abbrev  0x0000000000000928      0x1ed Drivers/STM32F1xx_HAL_Driver/Src/stm32f1xx_hal.o
 .debug_abbrev  0x0000000000000b15      0x1fb Drivers/STM32F1xx_HAL_Driver/Src/stm32f1xx_hal_adc.o
 .debug_abbrev  0x0000000000000d10      0x21f Drivers/STM32F1xx_HAL_Driver/Src/stm32f1xx_hal_adc_ex.o
 .debug_abbrev  0x0000000000000f2f      0x313 Drivers/STM32F1xx_HAL_Driver/Src/stm32f1xx_hal_cortex.o
 .debug_abbrev  0x0000000000001242      0x228 Drivers/STM32F1xx_HAL_Driver/Src/stm32f1xx_hal_dma.o
 .debug_abbrev  0x000000000000146a      0x1e8 Drivers/STM32F1xx_HAL_Driver/Src/stm32f1xx_hal_gpio.o
 .debug_abbrev  0x0000000000001652      0x288 Drivers/STM32F1xx_HAL_Driver/Src/stm32f1xx_hal_i2c.o
 .debug_abbrev  0x00000000000018da      0x273 Drivers/STM32F1xx_HAL_Driver/Src/stm32f1xx_hal_rcc.o
 .debug_abbrev  0x0000000000001b4d      0x193 Drivers/STM32F1xx_HAL_Driver/Src/stm32f1xx_hal_rcc_ex.o

.debug_aranges  0x0000000000000000      0x980
 .debug_aranges
                0x0000000000000000       0x40 Core/Src/i2c-lcd.o
 .debug_aranges
                0x0000000000000040       0xa8 Core/Src/main.o
 .debug_aranges
                0x00000000000000e8       0x40 Core/Src/stm32f1xx_hal_msp.o
 .debug_aranges
                0x0000000000000128       0x80 Core/Src/stm32f1xx_it.o
 .debug_aranges
                0x00000000000001a8       0x28 Core/Src/system_stm32f1xx.o
 .debug_aranges
                0x00000000000001d0       0x28 Core/Startup/startup_stm32f103c8tx.o
 .debug_aranges
                0x00000000000001f8       0xe0 Drivers/STM32F1xx_HAL_Driver/Src/stm32f1xx_hal.o
 .debug_aranges
                0x00000000000002d8       0xf0 Drivers/STM32F1xx_HAL_Driver/Src/stm32f1xx_hal_adc.o
 .debug_aranges
                0x00000000000003c8       0x80 Drivers/STM32F1xx_HAL_Driver/Src/stm32f1xx_hal_adc_ex.o
 .debug_aranges
                0x0000000000000448      0x100 Drivers/STM32F1xx_HAL_Driver/Src/stm32f1xx_hal_cortex.o
 .debug_aranges
                0x0000000000000548       0x80 Drivers/STM32F1xx_HAL_Driver/Src/stm32f1xx_hal_dma.o
 .debug_aranges
                0x00000000000005c8       0x58 Drivers/STM32F1xx_HAL_Driver/Src/stm32f1xx_hal_gpio.o
 .debug_aranges
                0x0000000000000620      0x2a0 Drivers/STM32F1xx_HAL_Driver/Src/stm32f1xx_hal_i2c.o
 .debug_aranges
                0x00000000000008c0       0x90 Drivers/STM32F1xx_HAL_Driver/Src/stm32f1xx_hal_rcc.o
 .debug_aranges
                0x0000000000000950       0x30 Drivers/STM32F1xx_HAL_Driver/Src/stm32f1xx_hal_rcc_ex.o

.debug_ranges   0x0000000000000000      0x8d8
 .debug_ranges  0x0000000000000000       0x30 Core/Src/i2c-lcd.o
 .debug_ranges  0x0000000000000030       0xb0 Core/Src/main.o
 .debug_ranges  0x00000000000000e0       0x30 Core/Src/stm32f1xx_hal_msp.o
 .debug_ranges  0x0000000000000110       0x70 Core/Src/stm32f1xx_it.o
 .debug_ranges  0x0000000000000180       0x18 Core/Src/system_stm32f1xx.o
 .debug_ranges  0x0000000000000198       0x20 Core/Startup/startup_stm32f103c8tx.o
 .debug_ranges  0x00000000000001b8       0xd0 Drivers/STM32F1xx_HAL_Driver/Src/stm32f1xx_hal.o
 .debug_ranges  0x0000000000000288       0xe0 Drivers/STM32F1xx_HAL_Driver/Src/stm32f1xx_hal_adc.o
 .debug_ranges  0x0000000000000368       0x70 Drivers/STM32F1xx_HAL_Driver/Src/stm32f1xx_hal_adc_ex.o
 .debug_ranges  0x00000000000003d8       0xf0 Drivers/STM32F1xx_HAL_Driver/Src/stm32f1xx_hal_cortex.o
 .debug_ranges  0x00000000000004c8       0x70 Drivers/STM32F1xx_HAL_Driver/Src/stm32f1xx_hal_dma.o
 .debug_ranges  0x0000000000000538       0x48 Drivers/STM32F1xx_HAL_Driver/Src/stm32f1xx_hal_gpio.o
 .debug_ranges  0x0000000000000580      0x2b8 Drivers/STM32F1xx_HAL_Driver/Src/stm32f1xx_hal_i2c.o
 .debug_ranges  0x0000000000000838       0x80 Drivers/STM32F1xx_HAL_Driver/Src/stm32f1xx_hal_rcc.o
 .debug_ranges  0x00000000000008b8       0x20 Drivers/STM32F1xx_HAL_Driver/Src/stm32f1xx_hal_rcc_ex.o

.debug_macro    0x0000000000000000    0x16e08
 .debug_macro   0x0000000000000000      0x1ac Core/Src/i2c-lcd.o
 .debug_macro   0x00000000000001ac      0xa9c Core/Src/i2c-lcd.o
 .debug_macro   0x0000000000000c48      0x221 Core/Src/i2c-lcd.o
 .debug_macro   0x0000000000000e69       0x2e Core/Src/i2c-lcd.o
 .debug_macro   0x0000000000000e97       0x22 Core/Src/i2c-lcd.o
 .debug_macro   0x0000000000000eb9       0x22 Core/Src/i2c-lcd.o
 .debug_macro   0x0000000000000edb       0x8e Core/Src/i2c-lcd.o
 .debug_macro   0x0000000000000f69       0x51 Core/Src/i2c-lcd.o
 .debug_macro   0x0000000000000fba      0x103 Core/Src/i2c-lcd.o
 .debug_macro   0x00000000000010bd       0x6a Core/Src/i2c-lcd.o
 .debug_macro   0x0000000000001127      0x1df Core/Src/i2c-lcd.o
 .debug_macro   0x0000000000001306       0x1c Core/Src/i2c-lcd.o
 .debug_macro   0x0000000000001322       0x22 Core/Src/i2c-lcd.o
 .debug_macro   0x0000000000001344       0xc3 Core/Src/i2c-lcd.o
 .debug_macro   0x0000000000001407      0xd23 Core/Src/i2c-lcd.o
 .debug_macro   0x000000000000212a     0xe09e Core/Src/i2c-lcd.o
 .debug_macro   0x00000000000101c8       0x6d Core/Src/i2c-lcd.o
 .debug_macro   0x0000000000010235     0x3468 Core/Src/i2c-lcd.o
 .debug_macro   0x000000000001369d      0x174 Core/Src/i2c-lcd.o
 .debug_macro   0x0000000000013811       0x5c Core/Src/i2c-lcd.o
 .debug_macro   0x000000000001386d      0x5be Core/Src/i2c-lcd.o
 .debug_macro   0x0000000000013e2b      0x289 Core/Src/i2c-lcd.o
 .debug_macro   0x00000000000140b4      0x1cb Core/Src/i2c-lcd.o
 .debug_macro   0x000000000001427f      0x114 Core/Src/i2c-lcd.o
 .debug_macro   0x0000000000014393      0x1b2 Core/Src/i2c-lcd.o
 .debug_macro   0x0000000000014545       0x27 Core/Src/i2c-lcd.o
 .debug_macro   0x000000000001456c      0x136 Core/Src/i2c-lcd.o
 .debug_macro   0x00000000000146a2      0x1bc Core/Src/i2c-lcd.o
 .debug_macro   0x000000000001485e       0x34 Core/Src/i2c-lcd.o
 .debug_macro   0x0000000000014892       0x3c Core/Src/i2c-lcd.o
 .debug_macro   0x00000000000148ce       0x57 Core/Src/i2c-lcd.o
 .debug_macro   0x0000000000014925      0x46a Core/Src/i2c-lcd.o
 .debug_macro   0x0000000000014d8f      0x1b5 Core/Src/i2c-lcd.o
 .debug_macro   0x0000000000014f44       0x88 Core/Src/i2c-lcd.o
 .debug_macro   0x0000000000014fcc      0x241 Core/Src/i2c-lcd.o
 .debug_macro   0x000000000001520d      0x287 Core/Src/i2c-lcd.o
 .debug_macro   0x0000000000015494      0x141 Core/Src/i2c-lcd.o
 .debug_macro   0x00000000000155d5       0x83 Core/Src/i2c-lcd.o
 .debug_macro   0x0000000000015658      0x271 Core/Src/main.o
 .debug_macro   0x00000000000158c9       0x46 Core/Src/main.o
 .debug_macro   0x000000000001590f       0x22 Core/Src/main.o
 .debug_macro   0x0000000000015931      0x1b1 Core/Src/stm32f1xx_hal_msp.o
 .debug_macro   0x0000000000015ae2      0x1bb Core/Src/stm32f1xx_it.o
 .debug_macro   0x0000000000015c9d      0x1a2 Core/Src/system_stm32f1xx.o
 .debug_macro   0x0000000000015e3f      0x1c6 Drivers/STM32F1xx_HAL_Driver/Src/stm32f1xx_hal.o
 .debug_macro   0x0000000000016005      0x1bf Drivers/STM32F1xx_HAL_Driver/Src/stm32f1xx_hal_adc.o
 .debug_macro   0x00000000000161c4      0x1b4 Drivers/STM32F1xx_HAL_Driver/Src/stm32f1xx_hal_adc_ex.o
 .debug_macro   0x0000000000016378      0x1a2 Drivers/STM32F1xx_HAL_Driver/Src/stm32f1xx_hal_cortex.o
 .debug_macro   0x000000000001651a      0x1a2 Drivers/STM32F1xx_HAL_Driver/Src/stm32f1xx_hal_dma.o
 .debug_macro   0x00000000000166bc      0x20d Drivers/STM32F1xx_HAL_Driver/Src/stm32f1xx_hal_gpio.o
 .debug_macro   0x00000000000168c9      0x1e9 Drivers/STM32F1xx_HAL_Driver/Src/stm32f1xx_hal_i2c.o
 .debug_macro   0x0000000000016ab2      0x1b4 Drivers/STM32F1xx_HAL_Driver/Src/stm32f1xx_hal_rcc.o
 .debug_macro   0x0000000000016c66      0x1a2 Drivers/STM32F1xx_HAL_Driver/Src/stm32f1xx_hal_rcc_ex.o

.debug_line     0x0000000000000000     0xc189
 .debug_line    0x0000000000000000      0x712 Core/Src/i2c-lcd.o
 .debug_line    0x0000000000000712      0xe1d Core/Src/main.o
 .debug_line    0x000000000000152f      0x710 Core/Src/stm32f1xx_hal_msp.o
 .debug_line    0x0000000000001c3f      0x77b Core/Src/stm32f1xx_it.o
 .debug_line    0x00000000000023ba      0x6d6 Core/Src/system_stm32f1xx.o
 .debug_line    0x0000000000002a90       0x87 Core/Startup/startup_stm32f103c8tx.o
 .debug_line    0x0000000000002b17      0x903 Drivers/STM32F1xx_HAL_Driver/Src/stm32f1xx_hal.o
 .debug_line    0x000000000000341a      0xf7a Drivers/STM32F1xx_HAL_Driver/Src/stm32f1xx_hal_adc.o
 .debug_line    0x0000000000004394      0xcc8 Drivers/STM32F1xx_HAL_Driver/Src/stm32f1xx_hal_adc_ex.o
 .debug_line    0x000000000000505c      0xaeb Drivers/STM32F1xx_HAL_Driver/Src/stm32f1xx_hal_cortex.o
 .debug_line    0x0000000000005b47      0xd5b Drivers/STM32F1xx_HAL_Driver/Src/stm32f1xx_hal_dma.o
 .debug_line    0x00000000000068a2      0x99a Drivers/STM32F1xx_HAL_Driver/Src/stm32f1xx_hal_gpio.o
 .debug_line    0x000000000000723c     0x39ed Drivers/STM32F1xx_HAL_Driver/Src/stm32f1xx_hal_i2c.o
 .debug_line    0x000000000000ac29      0xd11 Drivers/STM32F1xx_HAL_Driver/Src/stm32f1xx_hal_rcc.o
 .debug_line    0x000000000000b93a      0x84f Drivers/STM32F1xx_HAL_Driver/Src/stm32f1xx_hal_rcc_ex.o

.debug_str      0x0000000000000000    0x83db4
 .debug_str     0x0000000000000000    0x80ff2 Core/Src/i2c-lcd.o
                                      0x813a0 (size before relaxing)
 .debug_str     0x0000000000080ff2      0xba5 Core/Src/main.o
                                      0x81fd6 (size before relaxing)
 .debug_str     0x0000000000081b97       0xa8 Core/Src/stm32f1xx_hal_msp.o
                                      0x819ad (size before relaxing)
 .debug_str     0x0000000000081c3f       0xfe Core/Src/stm32f1xx_it.o
                                      0x81418 (size before relaxing)
 .debug_str     0x0000000000081d3d       0x52 Core/Src/system_stm32f1xx.o
                                      0x80f42 (size before relaxing)
 .debug_str     0x0000000000081d8f       0x36 Core/Startup/startup_stm32f103c8tx.o
                                         0x78 (size before relaxing)
 .debug_str     0x0000000000081dc5      0x304 Drivers/STM32F1xx_HAL_Driver/Src/stm32f1xx_hal.o
                                      0x815d3 (size before relaxing)
 .debug_str     0x00000000000820c9      0x35c Drivers/STM32F1xx_HAL_Driver/Src/stm32f1xx_hal_adc.o
                                      0x815d2 (size before relaxing)
 .debug_str     0x0000000000082425      0x2fb Drivers/STM32F1xx_HAL_Driver/Src/stm32f1xx_hal_adc_ex.o
                                      0x81587 (size before relaxing)
 .debug_str     0x0000000000082720      0x300 Drivers/STM32F1xx_HAL_Driver/Src/stm32f1xx_hal_cortex.o
                                      0x815db (size before relaxing)
 .debug_str     0x0000000000082a20      0x235 Drivers/STM32F1xx_HAL_Driver/Src/stm32f1xx_hal_dma.o
                                      0x8131d (size before relaxing)
 .debug_str     0x0000000000082c55      0x31b Drivers/STM32F1xx_HAL_Driver/Src/stm32f1xx_hal_gpio.o
                                      0x81306 (size before relaxing)
 .debug_str     0x0000000000082f70      0xb47 Drivers/STM32F1xx_HAL_Driver/Src/stm32f1xx_hal_i2c.o
                                      0x81f7e (size before relaxing)
 .debug_str     0x0000000000083ab7      0x244 Drivers/STM32F1xx_HAL_Driver/Src/stm32f1xx_hal_rcc.o
                                      0x8133f (size before relaxing)
 .debug_str     0x0000000000083cfb       0xb9 Drivers/STM32F1xx_HAL_Driver/Src/stm32f1xx_hal_rcc_ex.o
                                      0x810cc (size before relaxing)

.comment        0x0000000000000000       0x53
 .comment       0x0000000000000000       0x53 Core/Src/i2c-lcd.o
                                         0x54 (size before relaxing)
 .comment       0x0000000000000053       0x54 Core/Src/main.o
 .comment       0x0000000000000053       0x54 Core/Src/stm32f1xx_hal_msp.o
 .comment       0x0000000000000053       0x54 Core/Src/stm32f1xx_it.o
 .comment       0x0000000000000053       0x54 Core/Src/system_stm32f1xx.o
 .comment       0x0000000000000053       0x54 Drivers/STM32F1xx_HAL_Driver/Src/stm32f1xx_hal.o
 .comment       0x0000000000000053       0x54 Drivers/STM32F1xx_HAL_Driver/Src/stm32f1xx_hal_adc.o
 .comment       0x0000000000000053       0x54 Drivers/STM32F1xx_HAL_Driver/Src/stm32f1xx_hal_adc_ex.o
 .comment       0x0000000000000053       0x54 Drivers/STM32F1xx_HAL_Driver/Src/stm32f1xx_hal_cortex.o
 .comment       0x0000000000000053       0x54 Drivers/STM32F1xx_HAL_Driver/Src/stm32f1xx_hal_dma.o
 .comment       0x0000000000000053       0x54 Drivers/STM32F1xx_HAL_Driver/Src/stm32f1xx_hal_gpio.o
 .comment       0x0000000000000053       0x54 Drivers/STM32F1xx_HAL_Driver/Src/stm32f1xx_hal_i2c.o
 .comment       0x0000000000000053       0x54 Drivers/STM32F1xx_HAL_Driver/Src/stm32f1xx_hal_rcc.o
 .comment       0x0000000000000053       0x54 Drivers/STM32F1xx_HAL_Driver/Src/stm32f1xx_hal_rcc_ex.o

.debug_frame    0x0000000000000000     0x25b0
 .debug_frame   0x0000000000000000       0xbc Core/Src/i2c-lcd.o
 .debug_frame   0x00000000000000bc      0x25c Core/Src/main.o
 .debug_frame   0x0000000000000318       0xc8 Core/Src/stm32f1xx_hal_msp.o
 .debug_frame   0x00000000000003e0      0x174 Core/Src/stm32f1xx_it.o
 .debug_frame   0x0000000000000554       0x58 Core/Src/system_stm32f1xx.o
 .debug_frame   0x00000000000005ac      0x334 Drivers/STM32F1xx_HAL_Driver/Src/stm32f1xx_hal.o
 .debug_frame   0x00000000000008e0      0x40c Drivers/STM32F1xx_HAL_Driver/Src/stm32f1xx_hal_adc.o
 .debug_frame   0x0000000000000cec      0x200 Drivers/STM32F1xx_HAL_Driver/Src/stm32f1xx_hal_adc_ex.o
 .debug_frame   0x0000000000000eec      0x428 Drivers/STM32F1xx_HAL_Driver/Src/stm32f1xx_hal_cortex.o
 .debug_frame   0x0000000000001314      0x208 Drivers/STM32F1xx_HAL_Driver/Src/stm32f1xx_hal_dma.o
 .debug_frame   0x000000000000151c      0x14c Drivers/STM32F1xx_HAL_Driver/Src/stm32f1xx_hal_gpio.o
 .debug_frame   0x0000000000001668      0xc5c Drivers/STM32F1xx_HAL_Driver/Src/stm32f1xx_hal_i2c.o
 .debug_frame   0x00000000000022c4      0x21c Drivers/STM32F1xx_HAL_Driver/Src/stm32f1xx_hal_rcc.o
 .debug_frame   0x00000000000024e0       0x84 Drivers/STM32F1xx_HAL_Driver/Src/stm32f1xx_hal_rcc_ex.o
 .debug_frame   0x0000000000002564       0x2c /opt/st/stm32cubeide_1.6.0/plugins/com.st.stm32cube.ide.mcu.externaltools.gnu-tools-for-stm32.9-2020-q2-update.linux64_1.5.0.202011040924/tools/bin/../lib/gcc/arm-none-eabi/9.3.1/../../../../arm-none-eabi/lib/thumb/v7-m/nofp/libc_nano.a(lib_a-init.o)
 .debug_frame   0x0000000000002590       0x20 /opt/st/stm32cubeide_1.6.0/plugins/com.st.stm32cube.ide.mcu.externaltools.gnu-tools-for-stm32.9-2020-q2-update.linux64_1.5.0.202011040924/tools/bin/../lib/gcc/arm-none-eabi/9.3.1/../../../../arm-none-eabi/lib/thumb/v7-m/nofp/libc_nano.a(lib_a-memset.o)
