main.c:236:5:main	8	static
main.c:297:6:SystemClock_Config	88	static
main.c:343:13:MX_ADC1_Init	24	static
main.c:388:13:MX_I2C1_Init	8	static
main.c:420:13:MX_DMA_Init	16	static
main.c:438:13:MX_GPIO_Init	40	static
main.c:463:6:HAL_GPIO_EXTI_Callback	16	static
main.c:497:6:updateDataGUI	4	static
main.c:708:6:updateLCD	8	static
main.c:749:6:printScreenSettingTemp	32	static
main.c:762:6:updateCursor	16	static
main.c:816:6:printCursor	16	static
main.c:857:6:clearAllCursor	8	static
main.c:869:6:printScreen	24	static
main.c:881:6:clearScreen	8	static
main.c:887:6:getTemp	4	static
main.c:892:6:PIDTemp	4	static
main.c:902:6:Error_Handler	4	static,ignoring_inline_asm
