Archive member included to satisfy reference by file (symbol)

/opt/st/stm32cubeide_1.6.0/plugins/com.st.stm32cube.ide.mcu.externaltools.gnu-tools-for-stm32.9-2020-q2-update.linux64_1.5.0.202011040924/tools/bin/../lib/gcc/arm-none-eabi/9.3.1/../../../../arm-none-eabi/lib/thumb/v7-m/nofp/libc_nano.a(lib_a-errno.o)
                              Core/Src/syscalls.o (__errno)
/opt/st/stm32cubeide_1.6.0/plugins/com.st.stm32cube.ide.mcu.externaltools.gnu-tools-for-stm32.9-2020-q2-update.linux64_1.5.0.202011040924/tools/bin/../lib/gcc/arm-none-eabi/9.3.1/../../../../arm-none-eabi/lib/thumb/v7-m/nofp/libc_nano.a(lib_a-exit.o)
                              /opt/st/stm32cubeide_1.6.0/plugins/com.st.stm32cube.ide.mcu.externaltools.gnu-tools-for-stm32.9-2020-q2-update.linux64_1.5.0.202011040924/tools/bin/../lib/gcc/arm-none-eabi/9.3.1/../../../../arm-none-eabi/lib/thumb/v7-m/nofp/crt0.o (exit)
/opt/st/stm32cubeide_1.6.0/plugins/com.st.stm32cube.ide.mcu.externaltools.gnu-tools-for-stm32.9-2020-q2-update.linux64_1.5.0.202011040924/tools/bin/../lib/gcc/arm-none-eabi/9.3.1/../../../../arm-none-eabi/lib/thumb/v7-m/nofp/libc_nano.a(lib_a-impure.o)
                              /opt/st/stm32cubeide_1.6.0/plugins/com.st.stm32cube.ide.mcu.externaltools.gnu-tools-for-stm32.9-2020-q2-update.linux64_1.5.0.202011040924/tools/bin/../lib/gcc/arm-none-eabi/9.3.1/../../../../arm-none-eabi/lib/thumb/v7-m/nofp/libc_nano.a(lib_a-exit.o) (_global_impure_ptr)
/opt/st/stm32cubeide_1.6.0/plugins/com.st.stm32cube.ide.mcu.externaltools.gnu-tools-for-stm32.9-2020-q2-update.linux64_1.5.0.202011040924/tools/bin/../lib/gcc/arm-none-eabi/9.3.1/../../../../arm-none-eabi/lib/thumb/v7-m/nofp/libc_nano.a(lib_a-init.o)
                              /opt/st/stm32cubeide_1.6.0/plugins/com.st.stm32cube.ide.mcu.externaltools.gnu-tools-for-stm32.9-2020-q2-update.linux64_1.5.0.202011040924/tools/bin/../lib/gcc/arm-none-eabi/9.3.1/../../../../arm-none-eabi/lib/thumb/v7-m/nofp/crt0.o (__libc_init_array)
/opt/st/stm32cubeide_1.6.0/plugins/com.st.stm32cube.ide.mcu.externaltools.gnu-tools-for-stm32.9-2020-q2-update.linux64_1.5.0.202011040924/tools/bin/../lib/gcc/arm-none-eabi/9.3.1/../../../../arm-none-eabi/lib/thumb/v7-m/nofp/libc_nano.a(lib_a-memset.o)
                              /opt/st/stm32cubeide_1.6.0/plugins/com.st.stm32cube.ide.mcu.externaltools.gnu-tools-for-stm32.9-2020-q2-update.linux64_1.5.0.202011040924/tools/bin/../lib/gcc/arm-none-eabi/9.3.1/../../../../arm-none-eabi/lib/thumb/v7-m/nofp/crt0.o (memset)
/opt/st/stm32cubeide_1.6.0/plugins/com.st.stm32cube.ide.mcu.externaltools.gnu-tools-for-stm32.9-2020-q2-update.linux64_1.5.0.202011040924/tools/bin/../lib/gcc/arm-none-eabi/9.3.1/../../../../arm-none-eabi/lib/thumb/v7-m/nofp/libc_nano.a(lib_a-sprintf.o)
                              Core/Src/main.o (sprintf)
/opt/st/stm32cubeide_1.6.0/plugins/com.st.stm32cube.ide.mcu.externaltools.gnu-tools-for-stm32.9-2020-q2-update.linux64_1.5.0.202011040924/tools/bin/../lib/gcc/arm-none-eabi/9.3.1/../../../../arm-none-eabi/lib/thumb/v7-m/nofp/libc_nano.a(lib_a-nano-svfprintf.o)
                              /opt/st/stm32cubeide_1.6.0/plugins/com.st.stm32cube.ide.mcu.externaltools.gnu-tools-for-stm32.9-2020-q2-update.linux64_1.5.0.202011040924/tools/bin/../lib/gcc/arm-none-eabi/9.3.1/../../../../arm-none-eabi/lib/thumb/v7-m/nofp/libc_nano.a(lib_a-sprintf.o) (_svfprintf_r)
/opt/st/stm32cubeide_1.6.0/plugins/com.st.stm32cube.ide.mcu.externaltools.gnu-tools-for-stm32.9-2020-q2-update.linux64_1.5.0.202011040924/tools/bin/../lib/gcc/arm-none-eabi/9.3.1/../../../../arm-none-eabi/lib/thumb/v7-m/nofp/libc_nano.a(lib_a-nano-vfprintf_i.o)
                              /opt/st/stm32cubeide_1.6.0/plugins/com.st.stm32cube.ide.mcu.externaltools.gnu-tools-for-stm32.9-2020-q2-update.linux64_1.5.0.202011040924/tools/bin/../lib/gcc/arm-none-eabi/9.3.1/../../../../arm-none-eabi/lib/thumb/v7-m/nofp/libc_nano.a(lib_a-nano-svfprintf.o) (_printf_i)
/opt/st/stm32cubeide_1.6.0/plugins/com.st.stm32cube.ide.mcu.externaltools.gnu-tools-for-stm32.9-2020-q2-update.linux64_1.5.0.202011040924/tools/bin/../lib/gcc/arm-none-eabi/9.3.1/../../../../arm-none-eabi/lib/thumb/v7-m/nofp/libc_nano.a(lib_a-memchr-stub.o)
                              /opt/st/stm32cubeide_1.6.0/plugins/com.st.stm32cube.ide.mcu.externaltools.gnu-tools-for-stm32.9-2020-q2-update.linux64_1.5.0.202011040924/tools/bin/../lib/gcc/arm-none-eabi/9.3.1/../../../../arm-none-eabi/lib/thumb/v7-m/nofp/libc_nano.a(lib_a-nano-svfprintf.o) (memchr)
/opt/st/stm32cubeide_1.6.0/plugins/com.st.stm32cube.ide.mcu.externaltools.gnu-tools-for-stm32.9-2020-q2-update.linux64_1.5.0.202011040924/tools/bin/../lib/gcc/arm-none-eabi/9.3.1/../../../../arm-none-eabi/lib/thumb/v7-m/nofp/libc_nano.a(lib_a-memcpy-stub.o)
[...]
Memory Configuration

Name             Origin             Length             Attributes
RAM              0x0000000020000000 0x0000000000005000 xrw
FLASH            0x0000000008000000 0x0000000000010000 xr
*default*        0x0000000000000000 0xffffffffffffffff

Linker script and memory map

LOAD /opt/st/stm32cubeide_1.6.0/plugins/com.st.stm32cube.ide.mcu.externaltools.gnu-tools-for-stm32.9-2020-q2-update.linux64_1.5.0.202011040924/tools/bin/../lib/gcc/arm-none-eabi/9.3.1/thumb/v7-m/nofp/crti.o
LOAD /opt/st/stm32cubeide_1.6.0/plugins/com.st.stm32cube.ide.mcu.externaltools.gnu-tools-for-stm32.9-2020-q2-update.linux64_1.5.0.202011040924/tools/bin/../lib/gcc/arm-none-eabi/9.3.1/thumb/v7-m/nofp/crtbegin.o
LOAD /opt/st/stm32cubeide_1.6.0/plugins/com.st.stm32cube.ide.mcu.externaltools.gnu-tools-for-stm32.9-2020-q2-update.linux64_1.5.0.202011040924/tools/bin/../lib/gcc/arm-none-eabi/9.3.1/../../../../arm-none-eabi/lib/thumb/v7-m/nofp/crt0.o
LOAD Core/Src/i2c-lcd.o
LOAD Core/Src/main.o
LOAD Core/Src/stm32f1xx_hal_msp.o
LOAD Core/Src/stm32f1xx_it.o
LOAD Core/Src/syscalls.o
LOAD Core/Src/sysmem.o
LOAD Core/Src/system_stm32f1xx.o
LOAD Core/Startup/startup_stm32f103c8tx.o
LOAD Drivers/STM32F1xx_HAL_Driver/Src/stm32f1xx_hal.o
LOAD Drivers/STM32F1xx_HAL_Driver/Src/stm32f1xx_hal_adc.o
LOAD Drivers/STM32F1xx_HAL_Driver/Src/stm32f1xx_hal_adc_ex.o
LOAD Drivers/STM32F1xx_HAL_Driver/Src/stm32f1xx_hal_cortex.o
LOAD Drivers/STM32F1xx_HAL_Driver/Src/stm32f1xx_hal_dma.o
LOAD Drivers/STM32F1xx_HAL_Driver/Src/stm32f1xx_hal_exti.o
LOAD Drivers/STM32F1xx_HAL_Driver/Src/stm32f1xx_hal_flash.o
LOAD Drivers/STM32F1xx_HAL_Driver/Src/stm32f1xx_hal_flash_ex.o
LOAD Drivers/STM32F1xx_HAL_Driver/Src/stm32f1xx_hal_gpio.o
LOAD Drivers/STM32F1xx_HAL_Driver/Src/stm32f1xx_hal_gpio_ex.o
LOAD Drivers/STM32F1xx_HAL_Driver/Src/stm32f1xx_hal_i2c.o
LOAD Drivers/STM32F1xx_HAL_Driver/Src/stm32f1xx_hal_pwr.o
LOAD Drivers/STM32F1xx_HAL_Driver/Src/stm32f1xx_hal_rcc.o
LOAD Drivers/STM32F1xx_HAL_Driver/Src/stm32f1xx_hal_rcc_ex.o
LOAD Drivers/STM32F1xx_HAL_Driver/Src/stm32f1xx_hal_tim.o
LOAD Drivers/STM32F1xx_HAL_Driver/Src/stm32f1xx_hal_tim_ex.o
START GROUP
LOAD /opt/st/stm32cubeide_1.6.0/plugins/com.st.stm32cube.ide.mcu.externaltools.gnu-tools-for-stm32.9-2020-q2-update.linux64_1.5.0.202011040924/tools/bin/../lib/gcc/arm-none-eabi/9.3.1/../../../../arm-none-eabi/lib/thumb/v7-m/nofp/libc_nano.a
LOAD /opt/st/stm32cubeide_1.6.0/plugins/com.st.stm32cube.ide.mcu.externaltools.gnu-tools-for-stm32.9-2020-q2-update.linux64_1.5.0.202011040924/tools/bin/../lib/gcc/arm-none-eabi/9.3.1/../../../../arm-none-eabi/lib/thumb/v7-m/nofp/libm.a
END GROUP
START GROUP
LOAD /opt/st/stm32cubeide_1.6.0/plugins/com.st.stm32cube.ide.mcu.externaltools.gnu-tools-for-stm32.9-2020-q2-update.linux64_1.5.0.202011040924/tools/bin/../lib/gcc/arm-none-eabi/9.3.1/thumb/v7-m/nofp/libgcc.a
LOAD /opt/st/stm32cubeide_1.6.0/plugins/com.st.stm32cube.ide.mcu.externaltools.gnu-tools-for-stm32.9-2020-q2-update.linux64_1.5.0.202011040924/tools/bin/../lib/gcc/arm-none-eabi/9.3.1/../../../../arm-none-eabi/lib/thumb/v7-m/nofp/libc_nano.a
END GROUP
START GROUP
LOAD /opt/st/stm32cubeide_1.6.0/plugins/com.st.stm32cube.ide.mcu.externaltools.gnu-tools-for-stm32.9-2020-q2-update.linux64_1.5.0.202011040924/tools/bin/../lib/gcc/arm-none-eabi/9.3.1/thumb/v7-m/nofp/libgcc.a
LOAD /opt/st/stm32cubeide_1.6.0/plugins/com.st.stm32cube.ide.mcu.externaltools.gnu-tools-for-stm32.9-2020-q2-update.linux64_1.5.0.202011040924/tools/bin/../lib/gcc/arm-none-eabi/9.3.1/../../../../arm-none-eabi/lib/thumb/v7-m/nofp/libc_nano.a
LOAD /opt/st/stm32cubeide_1.6.0/plugins/com.st.stm32cube.ide.mcu.externaltools.gnu-tools-for-stm32.9-2020-q2-update.linux64_1.5.0.202011040924/tools/bin/../lib/gcc/arm-none-eabi/9.3.1/../../../../arm-none-eabi/lib/thumb/v7-m/nofp/libnosys.a
END GROUP
START GROUP
LOAD /opt/st/stm32cubeide_1.6.0/plugins/com.st.stm32cube.ide.mcu.externaltools.gnu-tools-for-stm32.9-2020-q2-update.linux64_1.5.0.202011040924/tools/bin/../lib/gcc/arm-none-eabi/9.3.1/thumb/v7-m/nofp/libgcc.a
LOAD /opt/st/stm32cubeide_1.6.0/plugins/com.st.stm32cube.ide.mcu.externaltools.gnu-tools-for-stm32.9-2020-q2-update.linux64_1.5.0.202011040924/tools/bin/../lib/gcc/arm-none-eabi/9.3.1/../../../../arm-none-eabi/lib/thumb/v7-m/nofp/libc_nano.a
LOAD /opt/st/stm32cubeide_1.6.0/plugins/com.st.stm32cube.ide.mcu.externaltools.gnu-tools-for-stm32.9-2020-q2-update.linux64_1.5.0.202011040924/tools/bin/../lib/gcc/arm-none-eabi/9.3.1/../../../../arm-none-eabi/lib/thumb/v7-m/nofp/libnosys.a
END GROUP
LOAD /opt/st/stm32cubeide_1.6.0/plugins/com.st.stm32cube.ide.mcu.externaltools.gnu-tools-for-stm32.9-2020-q2-update.linux64_1.5.0.202011040924/tools/bin/../lib/gcc/arm-none-eabi/9.3.1/thumb/v7-m/nofp/crtend.o
LOAD /opt/st/stm32cubeide_1.6.0/plugins/com.st.stm32cube.ide.mcu.externaltools.gnu-tools-for-stm32.9-2020-q2-update.linux64_1.5.0.202011040924/tools/bin/../lib/gcc/arm-none-eabi/9.3.1/thumb/v7-m/nofp/crtn.o
                0x0000000020005000                _estack = (ORIGIN (RAM) + LENGTH (RAM))
                0x0000000000000200                _Min_Heap_Size = 0x200
                0x0000000000000400                _Min_Stack_Size = 0x400

.isr_vector     0x0000000008000000      0x10c
                0x0000000008000000                . = ALIGN (0x4)
 *(.isr_vector)
 .isr_vector    0x0000000008000000      0x10c Core/Startup/startup_stm32f103c8tx.o
                0x0000000008000000                g_pfnVectors
                0x000000000800010c                . = ALIGN (0x4)

.text           0x0000000008000110     0x5200
                0x0000000008000110                . = ALIGN (0x4)
 *(.text)
 .text          0x0000000008000110       0x40 /opt/st/stm32cubeide_1.6.0/plugins/com.st.stm32cube.ide.mcu.externaltools.gnu-tools-for-stm32.9-2020-q2-update.linux64_1.5.0.202011040924/tools/bin/../lib/gcc/arm-none-eabi/9.3.1/thumb/v7-m/nofp/crtbegin.o
 .text          0x0000000008000150      0x254 /opt/st/stm32cubeide_1.6.0/plugins/com.st.stm32cube.ide.mcu.externaltools.gnu-tools-for-stm32.9-2020-q2-update.linux64_1.5.0.202011040924/tools/bin/../lib/gcc/arm-none-eabi/9.3.1/thumb/v7-m/nofp/libgcc.a(_arm_muldf3.o)
                0x0000000008000150                __aeabi_dmul
                0x0000000008000150                __muldf3
 .text          0x00000000080003a4      0x378 /opt/st/stm32cubeide_1.6.0/plugins/com.st.stm32cube.ide.mcu.externaltools.gnu-tools-for-stm32.9-2020-q2-update.linux64_1.5.0.202011040924/tools/bin/../lib/gcc/arm-none-eabi/9.3.1/thumb/v7-m/nofp/libgcc.a(_arm_addsubdf3.o)
                0x00000000080003a4                __aeabi_drsub
                0x00000000080003ac                __aeabi_dsub
                0x00000000080003ac                __subdf3
                0x00000000080003b0                __adddf3
                0x00000000080003b0                __aeabi_dadd
                0x0000000008000628                __aeabi_ui2d
                0x0000000008000628                __floatunsidf
                0x0000000008000648                __floatsidf
                0x0000000008000648                __aeabi_i2d
                0x000000000800066c                __extendsfdf2
                0x000000000800066c                __aeabi_f2d
                0x00000000080006b0                __aeabi_ul2d
                0x00000000080006b0                __floatundidf
                0x00000000080006c0                __floatdidf
                0x00000000080006c0                __aeabi_l2d
 .text          0x000000000800071c       0xa0 /opt/st/stm32cubeide_1.6.0/plugins/com.st.stm32cube.ide.mcu.externaltools.gnu-tools-for-stm32.9-2020-q2-update.linux64_1.5.0.202011040924/tools/bin/../lib/gcc/arm-none-eabi/9.3.1/thumb/v7-m/nofp/libgcc.a(_arm_truncdfsf2.o)
                0x000000000800071c                __aeabi_d2f
                0x000000000800071c                __truncdfsf2
 .text          0x00000000080007bc      0x21c /opt/st/stm32cubeide_1.6.0/plugins/com.st.stm32cube.ide.mcu.externaltools.gnu-tools-for-stm32.9-2020-q2-update.linux64_1.5.0.202011040924/tools/bin/../lib/gcc/arm-none-eabi/9.3.1/thumb/v7-m/nofp/libgcc.a(_arm_addsubsf3.o)
                0x00000000080007bc                __aeabi_frsub
                0x00000000080007c4                __subsf3
                0x00000000080007c4                __aeabi_fsub
                0x00000000080007c8                __aeabi_fadd
                0x00000000080007c8                __addsf3
                0x0000000008000928                __aeabi_ui2f
                0x0000000008000928                __floatunsisf
                0x0000000008000930                __aeabi_i2f
                0x0000000008000930                __floatsisf
                0x000000000800094c                __floatundisf
                0x000000000800094c                __aeabi_ul2f
                0x000000000800095c                __floatdisf
                0x000000000800095c                __aeabi_l2f
 .text          0x00000000080009d8      0x2a0 /opt/st/stm32cubeide_1.6.0/plugins/com.st.stm32cube.ide.mcu.externaltools.gnu-tools-for-stm32.9-2020-q2-update.linux64_1.5.0.202011040924/tools/bin/../lib/gcc/arm-none-eabi/9.3.1/thumb/v7-m/nofp/libgcc.a(_arm_muldivsf3.o)
                0x00000000080009d8                __mulsf3
                0x00000000080009d8                __aeabi_fmul
                0x0000000008000b40                __divsf3
                0x0000000008000b40                __aeabi_fdiv
 .text          0x0000000008000c78       0xec /opt/st/stm32cubeide_1.6.0/plugins/com.st.stm32cube.ide.mcu.externaltools.gnu-tools-for-stm32.9-2020-q2-update.linux64_1.5.0.202011040924/tools/bin/../lib/gcc/arm-none-eabi/9.3.1/thumb/v7-m/nofp/libgcc.a(_arm_cmpsf2.o)
                0x0000000008000c78                __gtsf2
                0x0000000008000c78                __gesf2
                0x0000000008000c80                __lesf2
                0x0000000008000c80                __ltsf2
                0x0000000008000c88                __nesf2
                0x0000000008000c88                __eqsf2
                0x0000000008000c88                __cmpsf2
                0x0000000008000ce8                __aeabi_cfrcmple
                0x0000000008000cf0                __aeabi_cfcmple
                0x0000000008000cf0                __aeabi_cfcmpeq
                0x0000000008000d00                __aeabi_fcmpeq
                0x0000000008000d14                __aeabi_fcmplt
                0x0000000008000d28                __aeabi_fcmple
                0x0000000008000d3c                __aeabi_fcmpge
                0x0000000008000d50                __aeabi_fcmpgt
 .text          0x0000000008000d64       0x40 /opt/st/stm32cubeide_1.6.0/plugins/com.st.stm32cube.ide.mcu.externaltools.gnu-tools-for-stm32.9-2020-q2-update.linux64_1.5.0.202011040924/tools/bin/../lib/gcc/arm-none-eabi/9.3.1/thumb/v7-m/nofp/libgcc.a(_arm_fixunssfsi.o)
                0x0000000008000d64                __aeabi_f2uiz
                0x0000000008000d64                __fixunssfsi
 *(.text*)
 .text.lcd_send_cmd
                0x0000000008000da4       0x60 Core/Src/i2c-lcd.o
                0x0000000008000da4                lcd_send_cmd
 .text.lcd_send_data
                0x0000000008000e04       0x60 Core/Src/i2c-lcd.o
                0x0000000008000e04                lcd_send_data
 .text.lcd_init
                0x0000000008000e64       0x74 Core/Src/i2c-lcd.o
                0x0000000008000e64                lcd_init
 .text.lcd_send_string
                0x0000000008000ed8       0x2a Core/Src/i2c-lcd.o
                0x0000000008000ed8                lcd_send_string
 *fill*         0x0000000008000f02        0x2 
 .text.main     0x0000000008000f04       0x4c Core/Src/main.o
                0x0000000008000f04                main
 .text.SystemClock_Config
                0x0000000008000f50       0xb6 Core/Src/main.o
                0x0000000008000f50                SystemClock_Config
 *fill*         0x0000000008001006        0x2 
 .text.MX_ADC1_Init
                0x0000000008001008       0x7c Core/Src/main.o
 .text.MX_I2C1_Init
                0x0000000008001084       0x5c Core/Src/main.o
 .text.MX_TIM1_Init
                0x00000000080010e0      0x140 Core/Src/main.o
 .text.MX_DMA_Init
                0x0000000008001220       0x3c Core/Src/main.o
 .text.MX_GPIO_Init
                0x000000000800125c       0x5c Core/Src/main.o
 .text.getTemp  0x00000000080012b8      0x150 Core/Src/main.o
                0x00000000080012b8                getTemp
 .text.controlPID
                0x0000000008001408      0x1f8 Core/Src/main.o
                0x0000000008001408                controlPID
 .text.updateLCD
                0x0000000008001600       0x84 Core/Src/main.o
                0x0000000008001600                updateLCD
 .text.Error_Handler
                0x0000000008001684        0xa Core/Src/main.o
                0x0000000008001684                Error_Handler
 *fill*         0x000000000800168e        0x2 
 .text.HAL_MspInit
                0x0000000008001690       0x64 Core/Src/stm32f1xx_hal_msp.o
                0x0000000008001690                HAL_MspInit
 .text.HAL_ADC_MspInit
                0x00000000080016f4       0xd0 Core/Src/stm32f1xx_hal_msp.o
                0x00000000080016f4                HAL_ADC_MspInit
 .text.HAL_I2C_MspInit
                0x00000000080017c4       0xa0 Core/Src/stm32f1xx_hal_msp.o
                0x00000000080017c4                HAL_I2C_MspInit
 .text.HAL_TIM_Base_MspInit
                0x0000000008001864       0x3c Core/Src/stm32f1xx_hal_msp.o
                0x0000000008001864                HAL_TIM_Base_MspInit
 .text.HAL_TIM_MspPostInit
                0x00000000080018a0       0x68 Core/Src/stm32f1xx_hal_msp.o
                0x00000000080018a0                HAL_TIM_MspPostInit
 .text.NMI_Handler
                0x0000000008001908        0x6 Core/Src/stm32f1xx_it.o
                0x0000000008001908                NMI_Handler
 .text.HardFault_Handler
                0x000000000800190e        0x6 Core/Src/stm32f1xx_it.o
                0x000000000800190e                HardFault_Handler
 .text.MemManage_Handler
                0x0000000008001914        0x6 Core/Src/stm32f1xx_it.o
                0x0000000008001914                MemManage_Handler
 .text.BusFault_Handler
                0x000000000800191a        0x6 Core/Src/stm32f1xx_it.o
                0x000000000800191a                BusFault_Handler
 .text.UsageFault_Handler
                0x0000000008001920        0x6 Core/Src/stm32f1xx_it.o
                0x0000000008001920                UsageFault_Handler
 .text.SVC_Handler
                0x0000000008001926        0xc Core/Src/stm32f1xx_it.o
                0x0000000008001926                SVC_Handler
 .text.DebugMon_Handler
                0x0000000008001932        0xc Core/Src/stm32f1xx_it.o
                0x0000000008001932                DebugMon_Handler
 .text.PendSV_Handler
                0x000000000800193e        0xc Core/Src/stm32f1xx_it.o
                0x000000000800193e                PendSV_Handler
 .text.SysTick_Handler
                0x000000000800194a        0xc Core/Src/stm32f1xx_it.o
                0x000000000800194a                SysTick_Handler
 *fill*         0x0000000008001956        0x2 
 .text.DMA1_Channel1_IRQHandler
                0x0000000008001958       0x14 Core/Src/stm32f1xx_it.o
                0x0000000008001958                DMA1_Channel1_IRQHandler
 .text._sbrk    0x000000000800196c       0x6c Core/Src/sysmem.o
                0x000000000800196c                _sbrk
 .text.SystemInit
                0x00000000080019d8        0xc Core/Src/system_stm32f1xx.o
                0x00000000080019d8                SystemInit
 .text.Reset_Handler
                0x00000000080019e4       0x48 Core/Startup/startup_stm32f103c8tx.o
                0x00000000080019e4                Reset_Handler
 .text.Default_Handler
                0x0000000008001a2c        0x2 Core/Startup/startup_stm32f103c8tx.o
                0x0000000008001a2c                RTC_Alarm_IRQHandler
                0x0000000008001a2c                EXTI2_IRQHandler
                0x0000000008001a2c                TIM1_CC_IRQHandler
                0x0000000008001a2c                PVD_IRQHandler
                0x0000000008001a2c                EXTI3_IRQHandler
                0x0000000008001a2c                EXTI0_IRQHandler
                0x0000000008001a2c                I2C2_EV_IRQHandler
                0x0000000008001a2c                ADC1_2_IRQHandler
                0x0000000008001a2c                SPI1_IRQHandler
                0x0000000008001a2c                TAMPER_IRQHandler
                0x0000000008001a2c                DMA1_Channel4_IRQHandler
                0x0000000008001a2c                USART3_IRQHandler
                0x0000000008001a2c                RTC_IRQHandler
                0x0000000008001a2c                DMA1_Channel7_IRQHandler
                0x0000000008001a2c                CAN1_RX1_IRQHandler
                0x0000000008001a2c                TIM4_IRQHandler
                0x0000000008001a2c                I2C1_EV_IRQHandler
                0x0000000008001a2c                DMA1_Channel6_IRQHandler
                0x0000000008001a2c                TIM3_IRQHandler
                0x0000000008001a2c                RCC_IRQHandler
                0x0000000008001a2c                TIM1_TRG_COM_IRQHandler
                0x0000000008001a2c                Default_Handler
                0x0000000008001a2c                EXTI15_10_IRQHandler
                0x0000000008001a2c                EXTI9_5_IRQHandler
                0x0000000008001a2c                SPI2_IRQHandler
                0x0000000008001a2c                DMA1_Channel5_IRQHandler
                0x0000000008001a2c                EXTI4_IRQHandler
                0x0000000008001a2c                USB_LP_CAN1_RX0_IRQHandler
                0x0000000008001a2c                USB_HP_CAN1_TX_IRQHandler
                0x0000000008001a2c                DMA1_Channel3_IRQHandler
                0x0000000008001a2c                TIM1_UP_IRQHandler
                0x0000000008001a2c                WWDG_IRQHandler
                0x0000000008001a2c                TIM2_IRQHandler
                0x0000000008001a2c                TIM1_BRK_IRQHandler
                0x0000000008001a2c                EXTI1_IRQHandler
                0x0000000008001a2c                USART2_IRQHandler
                0x0000000008001a2c                I2C2_ER_IRQHandler
                0x0000000008001a2c                DMA1_Channel2_IRQHandler
                0x0000000008001a2c                CAN1_SCE_IRQHandler
                0x0000000008001a2c                FLASH_IRQHandler
                0x0000000008001a2c                USART1_IRQHandler
                0x0000000008001a2c                I2C1_ER_IRQHandler
                0x0000000008001a2c                USBWakeUp_IRQHandler
 *fill*         0x0000000008001a2e        0x2 
 .text.HAL_Init
                0x0000000008001a30       0x2c Drivers/STM32F1xx_HAL_Driver/Src/stm32f1xx_hal.o
                0x0000000008001a30                HAL_Init
 .text.HAL_InitTick
                0x0000000008001a5c       0x60 Drivers/STM32F1xx_HAL_Driver/Src/stm32f1xx_hal.o
                0x0000000008001a5c                HAL_InitTick
 .text.HAL_IncTick
                0x0000000008001abc       0x24 Drivers/STM32F1xx_HAL_Driver/Src/stm32f1xx_hal.o
                0x0000000008001abc                HAL_IncTick
 .text.HAL_GetTick
                0x0000000008001ae0       0x14 Drivers/STM32F1xx_HAL_Driver/Src/stm32f1xx_hal.o
                0x0000000008001ae0                HAL_GetTick
 .text.HAL_Delay
                0x0000000008001af4       0x48 Drivers/STM32F1xx_HAL_Driver/Src/stm32f1xx_hal.o
                0x0000000008001af4                HAL_Delay
 .text.HAL_ADC_Init
                0x0000000008001b3c      0x1b0 Drivers/STM32F1xx_HAL_Driver/Src/stm32f1xx_hal_adc.o
                0x0000000008001b3c                HAL_ADC_Init
 .text.HAL_ADC_Start_DMA
                0x0000000008001cec      0x1bc Drivers/STM32F1xx_HAL_Driver/Src/stm32f1xx_hal_adc.o
                0x0000000008001cec                HAL_ADC_Start_DMA
 .text.HAL_ADC_ConvCpltCallback
                0x0000000008001ea8       0x12 Drivers/STM32F1xx_HAL_Driver/Src/stm32f1xx_hal_adc.o
                0x0000000008001ea8                HAL_ADC_ConvCpltCallback
 .text.HAL_ADC_ConvHalfCpltCallback
                0x0000000008001eba       0x12 Drivers/STM32F1xx_HAL_Driver/Src/stm32f1xx_hal_adc.o
                0x0000000008001eba                HAL_ADC_ConvHalfCpltCallback
 .text.HAL_ADC_ErrorCallback
                0x0000000008001ecc       0x12 Drivers/STM32F1xx_HAL_Driver/Src/stm32f1xx_hal_adc.o
                0x0000000008001ecc                HAL_ADC_ErrorCallback
 *fill*         0x0000000008001ede        0x2 
 .text.HAL_ADC_ConfigChannel
                0x0000000008001ee0      0x1f0 Drivers/STM32F1xx_HAL_Driver/Src/stm32f1xx_hal_adc.o
                0x0000000008001ee0                HAL_ADC_ConfigChannel
 .text.ADC_Enable
                0x00000000080020d0       0xb4 Drivers/STM32F1xx_HAL_Driver/Src/stm32f1xx_hal_adc.o
                0x00000000080020d0                ADC_Enable
 .text.ADC_ConversionStop_Disable
                0x0000000008002184       0x82 Drivers/STM32F1xx_HAL_Driver/Src/stm32f1xx_hal_adc.o
                0x0000000008002184                ADC_ConversionStop_Disable
 .text.ADC_DMAConvCplt
                0x0000000008002206       0x7c Drivers/STM32F1xx_HAL_Driver/Src/stm32f1xx_hal_adc.o
                0x0000000008002206                ADC_DMAConvCplt
 .text.ADC_DMAHalfConvCplt
                0x0000000008002282       0x1c Drivers/STM32F1xx_HAL_Driver/Src/stm32f1xx_hal_adc.o
                0x0000000008002282                ADC_DMAHalfConvCplt
 .text.ADC_DMAError
                0x000000000800229e       0x34 Drivers/STM32F1xx_HAL_Driver/Src/stm32f1xx_hal_adc.o
                0x000000000800229e                ADC_DMAError
 *fill*         0x00000000080022d2        0x2 
 .text.__NVIC_SetPriorityGrouping
                0x00000000080022d4       0x48 Drivers/STM32F1xx_HAL_Driver/Src/stm32f1xx_hal_cortex.o
 .text.__NVIC_GetPriorityGrouping
                0x000000000800231c       0x1c Drivers/STM32F1xx_HAL_Driver/Src/stm32f1xx_hal_cortex.o
 .text.__NVIC_EnableIRQ
                0x0000000008002338       0x38 Drivers/STM32F1xx_HAL_Driver/Src/stm32f1xx_hal_cortex.o
 .text.__NVIC_SetPriority
                0x0000000008002370       0x54 Drivers/STM32F1xx_HAL_Driver/Src/stm32f1xx_hal_cortex.o
 .text.NVIC_EncodePriority
                0x00000000080023c4       0x64 Drivers/STM32F1xx_HAL_Driver/Src/stm32f1xx_hal_cortex.o
 .text.SysTick_Config
                0x0000000008002428       0x44 Drivers/STM32F1xx_HAL_Driver/Src/stm32f1xx_hal_cortex.o
 .text.HAL_NVIC_SetPriorityGrouping
                0x000000000800246c       0x16 Drivers/STM32F1xx_HAL_Driver/Src/stm32f1xx_hal_cortex.o
                0x000000000800246c                HAL_NVIC_SetPriorityGrouping
 .text.HAL_NVIC_SetPriority
                0x0000000008002482       0x38 Drivers/STM32F1xx_HAL_Driver/Src/stm32f1xx_hal_cortex.o
                0x0000000008002482                HAL_NVIC_SetPriority
 .text.HAL_NVIC_EnableIRQ
                0x00000000080024ba       0x1c Drivers/STM32F1xx_HAL_Driver/Src/stm32f1xx_hal_cortex.o
                0x00000000080024ba                HAL_NVIC_EnableIRQ
 .text.HAL_SYSTICK_Config
                0x00000000080024d6       0x18 Drivers/STM32F1xx_HAL_Driver/Src/stm32f1xx_hal_cortex.o
                0x00000000080024d6                HAL_SYSTICK_Config
 *fill*         0x00000000080024ee        0x2 
 .text.HAL_DMA_Init
                0x00000000080024f0       0xb4 Drivers/STM32F1xx_HAL_Driver/Src/stm32f1xx_hal_dma.o
                0x00000000080024f0                HAL_DMA_Init
 .text.HAL_DMA_Start_IT
                0x00000000080025a4       0xbe Drivers/STM32F1xx_HAL_Driver/Src/stm32f1xx_hal_dma.o
                0x00000000080025a4                HAL_DMA_Start_IT
 *fill*         0x0000000008002662        0x2 
 .text.HAL_DMA_IRQHandler
                0x0000000008002664      0x20c Drivers/STM32F1xx_HAL_Driver/Src/stm32f1xx_hal_dma.o
                0x0000000008002664                HAL_DMA_IRQHandler
 .text.DMA_SetConfig
                0x0000000008002870       0x5a Drivers/STM32F1xx_HAL_Driver/Src/stm32f1xx_hal_dma.o
 *fill*         0x00000000080028ca        0x2 
 .text.HAL_GPIO_Init
                0x00000000080028cc      0x308 Drivers/STM32F1xx_HAL_Driver/Src/stm32f1xx_hal_gpio.o
                0x00000000080028cc                HAL_GPIO_Init
 .text.HAL_I2C_Init
                0x0000000008002bd4      0x288 Drivers/STM32F1xx_HAL_Driver/Src/stm32f1xx_hal_i2c.o
                0x0000000008002bd4                HAL_I2C_Init
 .text.HAL_I2C_Master_Transmit
                0x0000000008002e5c      0x1fc Drivers/STM32F1xx_HAL_Driver/Src/stm32f1xx_hal_i2c.o
                0x0000000008002e5c                HAL_I2C_Master_Transmit
 .text.I2C_MasterRequestWrite
                0x0000000008003058      0x104 Drivers/STM32F1xx_HAL_Driver/Src/stm32f1xx_hal_i2c.o
 .text.I2C_WaitOnFlagUntilTimeout
                0x000000000800315c       0xae Drivers/STM32F1xx_HAL_Driver/Src/stm32f1xx_hal_i2c.o
 .text.I2C_WaitOnMasterAddressFlagUntilTimeout
                0x000000000800320a       0xfe Drivers/STM32F1xx_HAL_Driver/Src/stm32f1xx_hal_i2c.o
 .text.I2C_WaitOnTXEFlagUntilTimeout
                0x0000000008003308       0x82 Drivers/STM32F1xx_HAL_Driver/Src/stm32f1xx_hal_i2c.o
 .text.I2C_WaitOnBTFFlagUntilTimeout
                0x000000000800338a       0x82 Drivers/STM32F1xx_HAL_Driver/Src/stm32f1xx_hal_i2c.o
 .text.I2C_IsAcknowledgeFailed
                0x000000000800340c       0x5c Drivers/STM32F1xx_HAL_Driver/Src/stm32f1xx_hal_i2c.o
 .text.HAL_RCC_OscConfig
                0x0000000008003468      0x500 Drivers/STM32F1xx_HAL_Driver/Src/stm32f1xx_hal_rcc.o
                0x0000000008003468                HAL_RCC_OscConfig
 .text.HAL_RCC_ClockConfig
                0x0000000008003968      0x1d4 Drivers/STM32F1xx_HAL_Driver/Src/stm32f1xx_hal_rcc.o
                0x0000000008003968                HAL_RCC_ClockConfig
 .text.HAL_RCC_GetSysClockFreq
                0x0000000008003b3c       0xc0 Drivers/STM32F1xx_HAL_Driver/Src/stm32f1xx_hal_rcc.o
                0x0000000008003b3c                HAL_RCC_GetSysClockFreq
 .text.HAL_RCC_GetHCLKFreq
                0x0000000008003bfc       0x14 Drivers/STM32F1xx_HAL_Driver/Src/stm32f1xx_hal_rcc.o
                0x0000000008003bfc                HAL_RCC_GetHCLKFreq
 .text.HAL_RCC_GetPCLK1Freq
                0x0000000008003c10       0x28 Drivers/STM32F1xx_HAL_Driver/Src/stm32f1xx_hal_rcc.o
                0x0000000008003c10                HAL_RCC_GetPCLK1Freq
 .text.RCC_Delay
                0x0000000008003c38       0x3c Drivers/STM32F1xx_HAL_Driver/Src/stm32f1xx_hal_rcc.o
 .text.HAL_RCCEx_PeriphCLKConfig
                0x0000000008003c74      0x16c Drivers/STM32F1xx_HAL_Driver/Src/stm32f1xx_hal_rcc_ex.o
                0x0000000008003c74                HAL_RCCEx_PeriphCLKConfig
 .text.HAL_TIM_Base_Init
                0x0000000008003de0       0x9e Drivers/STM32F1xx_HAL_Driver/Src/stm32f1xx_hal_tim.o
                0x0000000008003de0                HAL_TIM_Base_Init
 .text.HAL_TIM_PWM_Init
                0x0000000008003e7e       0x9e Drivers/STM32F1xx_HAL_Driver/Src/stm32f1xx_hal_tim.o
                0x0000000008003e7e                HAL_TIM_PWM_Init
 .text.HAL_TIM_PWM_MspInit
                0x0000000008003f1c       0x12 Drivers/STM32F1xx_HAL_Driver/Src/stm32f1xx_hal_tim.o
                0x0000000008003f1c                HAL_TIM_PWM_MspInit
 *fill*         0x0000000008003f2e        0x2 
 .text.HAL_TIM_PWM_Start
                0x0000000008003f30      0x144 Drivers/STM32F1xx_HAL_Driver/Src/stm32f1xx_hal_tim.o
                0x0000000008003f30                HAL_TIM_PWM_Start
 .text.HAL_TIM_PWM_ConfigChannel
                0x0000000008004074      0x17c Drivers/STM32F1xx_HAL_Driver/Src/stm32f1xx_hal_tim.o
                0x0000000008004074                HAL_TIM_PWM_ConfigChannel
 .text.HAL_TIM_ConfigClockSource
                0x00000000080041f0      0x188 Drivers/STM32F1xx_HAL_Driver/Src/stm32f1xx_hal_tim.o
                0x00000000080041f0                HAL_TIM_ConfigClockSource
 .text.TIM_Base_SetConfig
                0x0000000008004378       0xc4 Drivers/STM32F1xx_HAL_Driver/Src/stm32f1xx_hal_tim.o
                0x0000000008004378                TIM_Base_SetConfig
 .text.TIM_OC1_SetConfig
                0x000000000800443c       0xcc Drivers/STM32F1xx_HAL_Driver/Src/stm32f1xx_hal_tim.o
 .text.TIM_OC2_SetConfig
                0x0000000008004508       0xd4 Drivers/STM32F1xx_HAL_Driver/Src/stm32f1xx_hal_tim.o
                0x0000000008004508                TIM_OC2_SetConfig
 .text.TIM_OC3_SetConfig
                0x00000000080045dc       0xd4 Drivers/STM32F1xx_HAL_Driver/Src/stm32f1xx_hal_tim.o
 .text.TIM_OC4_SetConfig
                0x00000000080046b0       0x9c Drivers/STM32F1xx_HAL_Driver/Src/stm32f1xx_hal_tim.o
 .text.TIM_TI1_ConfigInputStage
                0x000000000800474c       0x5c Drivers/STM32F1xx_HAL_Driver/Src/stm32f1xx_hal_tim.o
 .text.TIM_TI2_ConfigInputStage
                0x00000000080047a8       0x5e Drivers/STM32F1xx_HAL_Driver/Src/stm32f1xx_hal_tim.o
 .text.TIM_ITRx_SetConfig
                0x0000000008004806       0x34 Drivers/STM32F1xx_HAL_Driver/Src/stm32f1xx_hal_tim.o
 .text.TIM_ETR_SetConfig
                0x000000000800483a       0x3e Drivers/STM32F1xx_HAL_Driver/Src/stm32f1xx_hal_tim.o
                0x000000000800483a                TIM_ETR_SetConfig
 .text.TIM_CCxChannelCmd
                0x0000000008004878       0x48 Drivers/STM32F1xx_HAL_Driver/Src/stm32f1xx_hal_tim.o
                0x0000000008004878                TIM_CCxChannelCmd
 .text.HAL_TIMEx_MasterConfigSynchronization
                0x00000000080048c0       0xbc Drivers/STM32F1xx_HAL_Driver/Src/stm32f1xx_hal_tim_ex.o
                0x00000000080048c0                HAL_TIMEx_MasterConfigSynchronization
 .text.HAL_TIMEx_ConfigBreakDeadTime
                0x000000000800497c       0xa2 Drivers/STM32F1xx_HAL_Driver/Src/stm32f1xx_hal_tim_ex.o
                0x000000000800497c                HAL_TIMEx_ConfigBreakDeadTime
 *fill*         0x0000000008004a1e        0x2 
 .text.__errno  0x0000000008004a20        0xc /opt/st/stm32cubeide_1.6.0/plugins/com.st.stm32cube.ide.mcu.externaltools.gnu-tools-for-stm32.9-2020-q2-update.linux64_1.5.0.202011040924/tools/bin/../lib/gcc/arm-none-eabi/9.3.1/../../../../arm-none-eabi/lib/thumb/v7-m/nofp/libc_nano.a(lib_a-errno.o)
                0x0000000008004a20                __errno
 .text.__libc_init_array
                0x0000000008004a2c       0x48 /opt/st/stm32cubeide_1.6.0/plugins/com.st.stm32cube.ide.mcu.externaltools.gnu-tools-for-stm32.9-2020-q2-update.linux64_1.5.0.202011040924/tools/bin/../lib/gcc/arm-none-eabi/9.3.1/../../../../arm-none-eabi/lib/thumb/v7-m/nofp/libc_nano.a(lib_a-init.o)
                0x0000000008004a2c                __libc_init_array
 .text.memset   0x0000000008004a74       0x10 /opt/st/stm32cubeide_1.6.0/plugins/com.st.stm32cube.ide.mcu.externaltools.gnu-tools-for-stm32.9-2020-q2-update.linux64_1.5.0.202011040924/tools/bin/../lib/gcc/arm-none-eabi/9.3.1/../../../../arm-none-eabi/lib/thumb/v7-m/nofp/libc_nano.a(lib_a-memset.o)
                0x0000000008004a74                memset
 .text.sprintf  0x0000000008004a84       0x40 /opt/st/stm32cubeide_1.6.0/plugins/com.st.stm32cube.ide.mcu.externaltools.gnu-tools-for-stm32.9-2020-q2-update.linux64_1.5.0.202011040924/tools/bin/../lib/gcc/arm-none-eabi/9.3.1/../../../../arm-none-eabi/lib/thumb/v7-m/nofp/libc_nano.a(lib_a-sprintf.o)
                0x0000000008004a84                sprintf
                0x0000000008004a84                siprintf
 .text.__ssputs_r
                0x0000000008004ac4       0xb6 /opt/st/stm32cubeide_1.6.0/plugins/com.st.stm32cube.ide.mcu.externaltools.gnu-tools-for-stm32.9-2020-q2-update.linux64_1.5.0.202011040924/tools/bin/../lib/gcc/arm-none-eabi/9.3.1/../../../../arm-none-eabi/lib/thumb/v7-m/nofp/libc_nano.a(lib_a-nano-svfprintf.o)
                0x0000000008004ac4                __ssputs_r
 *fill*         0x0000000008004b7a        0x2 
 .text._svfprintf_r
                0x0000000008004b7c      0x200 /opt/st/stm32cubeide_1.6.0/plugins/com.st.stm32cube.ide.mcu.externaltools.gnu-tools-for-stm32.9-2020-q2-update.linux64_1.5.0.202011040924/tools/bin/../lib/gcc/arm-none-eabi/9.3.1/../../../../arm-none-eabi/lib/thumb/v7-m/nofp/libc_nano.a(lib_a-nano-svfprintf.o)
                0x0000000008004b7c                _svfprintf_r
                0x0000000008004b7c                _svfiprintf_r
 .text._printf_common
                0x0000000008004d7c       0xde /opt/st/stm32cubeide_1.6.0/plugins/com.st.stm32cube.ide.mcu.externaltools.gnu-tools-for-stm32.9-2020-q2-update.linux64_1.5.0.202011040924/tools/bin/../lib/gcc/arm-none-eabi/9.3.1/../../../../arm-none-eabi/lib/thumb/v7-m/nofp/libc_nano.a(lib_a-nano-vfprintf_i.o)
                0x0000000008004d7c                _printf_common
 *fill*         0x0000000008004e5a        0x2 
 .text._printf_i
                0x0000000008004e5c      0x24c /opt/st/stm32cubeide_1.6.0/plugins/com.st.stm32cube.ide.mcu.externaltools.gnu-tools-for-stm32.9-2020-q2-update.linux64_1.5.0.202011040924/tools/bin/../lib/gcc/arm-none-eabi/9.3.1/../../../../arm-none-eabi/lib/thumb/v7-m/nofp/libc_nano.a(lib_a-nano-vfprintf_i.o)
                0x0000000008004e5c                _printf_i
 .text.memchr   0x00000000080050a8       0x1c /opt/st/stm32cubeide_1.6.0/plugins/com.st.stm32cube.ide.mcu.externaltools.gnu-tools-for-stm32.9-2020-q2-update.linux64_1.5.0.202011040924/tools/bin/../lib/gcc/arm-none-eabi/9.3.1/../../../../arm-none-eabi/lib/thumb/v7-m/nofp/libc_nano.a(lib_a-memchr-stub.o)
                0x00000000080050a8                memchr
 .text.memcpy   0x00000000080050c4       0x1c /opt/st/stm32cubeide_1.6.0/plugins/com.st.stm32cube.ide.mcu.externaltools.gnu-tools-for-stm32.9-2020-q2-update.linux64_1.5.0.202011040924/tools/bin/../lib/gcc/arm-none-eabi/9.3.1/../../../../arm-none-eabi/lib/thumb/v7-m/nofp/libc_nano.a(lib_a-memcpy-stub.o)
                0x00000000080050c4                memcpy
 .text.memmove  0x00000000080050e0       0x34 /opt/st/stm32cubeide_1.6.0/plugins/com.st.stm32cube.ide.mcu.externaltools.gnu-tools-for-stm32.9-2020-q2-update.linux64_1.5.0.202011040924/tools/bin/../lib/gcc/arm-none-eabi/9.3.1/../../../../arm-none-eabi/lib/thumb/v7-m/nofp/libc_nano.a(lib_a-memmove.o)
                0x00000000080050e0                memmove
 .text._free_r  0x0000000008005114       0x98 /opt/st/stm32cubeide_1.6.0/plugins/com.st.stm32cube.ide.mcu.externaltools.gnu-tools-for-stm32.9-2020-q2-update.linux64_1.5.0.202011040924/tools/bin/../lib/gcc/arm-none-eabi/9.3.1/../../../../arm-none-eabi/lib/thumb/v7-m/nofp/libc_nano.a(lib_a-nano-freer.o)
                0x0000000008005114                _free_r
 .text._malloc_r
                0x00000000080051ac       0xb4 /opt/st/stm32cubeide_1.6.0/plugins/com.st.stm32cube.ide.mcu.externaltools.gnu-tools-for-stm32.9-2020-q2-update.linux64_1.5.0.202011040924/tools/bin/../lib/gcc/arm-none-eabi/9.3.1/../../../../arm-none-eabi/lib/thumb/v7-m/nofp/libc_nano.a(lib_a-nano-mallocr.o)
                0x00000000080051ac                _malloc_r
 .text._realloc_r
                0x0000000008005260       0x4c /opt/st/stm32cubeide_1.6.0/plugins/com.st.stm32cube.ide.mcu.externaltools.gnu-tools-for-stm32.9-2020-q2-update.linux64_1.5.0.202011040924/tools/bin/../lib/gcc/arm-none-eabi/9.3.1/../../../../arm-none-eabi/lib/thumb/v7-m/nofp/libc_nano.a(lib_a-nano-reallocr.o)
                0x0000000008005260                _realloc_r
 .text._sbrk_r  0x00000000080052ac       0x20 /opt/st/stm32cubeide_1.6.0/plugins/com.st.stm32cube.ide.mcu.externaltools.gnu-tools-for-stm32.9-2020-q2-update.linux64_1.5.0.202011040924/tools/bin/../lib/gcc/arm-none-eabi/9.3.1/../../../../arm-none-eabi/lib/thumb/v7-m/nofp/libc_nano.a(lib_a-sbrkr.o)
                0x00000000080052ac                _sbrk_r
 .text.__malloc_lock
                0x00000000080052cc        0xc /opt/st/stm32cubeide_1.6.0/plugins/com.st.stm32cube.ide.mcu.externaltools.gnu-tools-for-stm32.9-2020-q2-update.linux64_1.5.0.202011040924/tools/bin/../lib/gcc/arm-none-eabi/9.3.1/../../../../arm-none-eabi/lib/thumb/v7-m/nofp/libc_nano.a(lib_a-mlock.o)
                0x00000000080052cc                __malloc_lock
 .text.__malloc_unlock
                0x00000000080052d8        0xc /opt/st/stm32cubeide_1.6.0/plugins/com.st.stm32cube.ide.mcu.externaltools.gnu-tools-for-stm32.9-2020-q2-update.linux64_1.5.0.202011040924/tools/bin/../lib/gcc/arm-none-eabi/9.3.1/../../../../arm-none-eabi/lib/thumb/v7-m/nofp/libc_nano.a(lib_a-mlock.o)
                0x00000000080052d8                __malloc_unlock
 .text._malloc_usable_size_r
                0x00000000080052e4       0x10 /opt/st/stm32cubeide_1.6.0/plugins/com.st.stm32cube.ide.mcu.externaltools.gnu-tools-for-stm32.9-2020-q2-update.linux64_1.5.0.202011040924/tools/bin/../lib/gcc/arm-none-eabi/9.3.1/../../../../arm-none-eabi/lib/thumb/v7-m/nofp/libc_nano.a(lib_a-nano-msizer.o)
                0x00000000080052e4                _malloc_usable_size_r
 .text.__retarget_lock_acquire_recursive
                0x00000000080052f4        0x2 /opt/st/stm32cubeide_1.6.0/plugins/com.st.stm32cube.ide.mcu.externaltools.gnu-tools-for-stm32.9-2020-q2-update.linux64_1.5.0.202011040924/tools/bin/../lib/gcc/arm-none-eabi/9.3.1/../../../../arm-none-eabi/lib/thumb/v7-m/nofp/libc_nano.a(lib_a-lock.o)
                0x00000000080052f4                __retarget_lock_acquire_recursive
 .text.__retarget_lock_release_recursive
                0x00000000080052f6        0x2 /opt/st/stm32cubeide_1.6.0/plugins/com.st.stm32cube.ide.mcu.externaltools.gnu-tools-for-stm32.9-2020-q2-update.linux64_1.5.0.202011040924/tools/bin/../lib/gcc/arm-none-eabi/9.3.1/../../../../arm-none-eabi/lib/thumb/v7-m/nofp/libc_nano.a(lib_a-lock.o)
                0x00000000080052f6                __retarget_lock_release_recursive
 *(.glue_7)
 .glue_7        0x00000000080052f8        0x0 linker stubs
 *(.glue_7t)
 .glue_7t       0x00000000080052f8        0x0 linker stubs
 *(.eh_frame)
 .eh_frame      0x00000000080052f8        0x0 /opt/st/stm32cubeide_1.6.0/plugins/com.st.stm32cube.ide.mcu.externaltools.gnu-tools-for-stm32.9-2020-q2-update.linux64_1.5.0.202011040924/tools/bin/../lib/gcc/arm-none-eabi/9.3.1/thumb/v7-m/nofp/crtbegin.o
 *(.init)
 .init          0x00000000080052f8        0x4 /opt/st/stm32cubeide_1.6.0/plugins/com.st.stm32cube.ide.mcu.externaltools.gnu-tools-for-stm32.9-2020-q2-update.linux64_1.5.0.202011040924/tools/bin/../lib/gcc/arm-none-eabi/9.3.1/thumb/v7-m/nofp/crti.o
                0x00000000080052f8                _init
 .init          0x00000000080052fc        0x8 /opt/st/stm32cubeide_1.6.0/plugins/com.st.stm32cube.ide.mcu.externaltools.gnu-tools-for-stm32.9-2020-q2-update.linux64_1.5.0.202011040924/tools/bin/../lib/gcc/arm-none-eabi/9.3.1/thumb/v7-m/nofp/crtn.o
 *(.fini)
 .fini          0x0000000008005304        0x4 /opt/st/stm32cubeide_1.6.0/plugins/com.st.stm32cube.ide.mcu.externaltools.gnu-tools-for-stm32.9-2020-q2-update.linux64_1.5.0.202011040924/tools/bin/../lib/gcc/arm-none-eabi/9.3.1/thumb/v7-m/nofp/crti.o
                0x0000000008005304                _fini
 .fini          0x0000000008005308        0x8 /opt/st/stm32cubeide_1.6.0/plugins/com.st.stm32cube.ide.mcu.externaltools.gnu-tools-for-stm32.9-2020-q2-update.linux64_1.5.0.202011040924/tools/bin/../lib/gcc/arm-none-eabi/9.3.1/thumb/v7-m/nofp/crtn.o
                0x0000000008005310                . = ALIGN (0x4)
                0x0000000008005310                _etext = .

.vfp11_veneer   0x0000000008005310        0x0
 .vfp11_veneer  0x0000000008005310        0x0 linker stubs

.v4_bx          0x0000000008005310        0x0
 .v4_bx         0x0000000008005310        0x0 linker stubs

.iplt           0x0000000008005310        0x0
 .iplt          0x0000000008005310        0x0 /opt/st/stm32cubeide_1.6.0/plugins/com.st.stm32cube.ide.mcu.externaltools.gnu-tools-for-stm32.9-2020-q2-update.linux64_1.5.0.202011040924/tools/bin/../lib/gcc/arm-none-eabi/9.3.1/thumb/v7-m/nofp/crtbegin.o

.rodata         0x0000000008005310      0x14c
                0x0000000008005310                . = ALIGN (0x4)
 *(.rodata)
 .rodata        0x0000000008005310       0x28 Core/Src/main.o
 .rodata        0x0000000008005338       0x10 Drivers/STM32F1xx_HAL_Driver/Src/stm32f1xx_hal_rcc.o
 *(.rodata*)
 .rodata.tempNTC100K
                0x0000000008005348       0xc8 Core/Src/main.o
 .rodata.AHBPrescTable
                0x0000000008005410       0x10 Core/Src/system_stm32f1xx.o
                0x0000000008005410                AHBPrescTable
 .rodata.APBPrescTable
                0x0000000008005420        0x8 Core/Src/system_stm32f1xx.o
                0x0000000008005420                APBPrescTable
 .rodata._svfprintf_r.str1.1
                0x0000000008005428       0x11 /opt/st/stm32cubeide_1.6.0/plugins/com.st.stm32cube.ide.mcu.externaltools.gnu-tools-for-stm32.9-2020-q2-update.linux64_1.5.0.202011040924/tools/bin/../lib/gcc/arm-none-eabi/9.3.1/../../../../arm-none-eabi/lib/thumb/v7-m/nofp/libc_nano.a(lib_a-nano-svfprintf.o)
 .rodata._printf_i.str1.1
                0x0000000008005439       0x22 /opt/st/stm32cubeide_1.6.0/plugins/com.st.stm32cube.ide.mcu.externaltools.gnu-tools-for-stm32.9-2020-q2-update.linux64_1.5.0.202011040924/tools/bin/../lib/gcc/arm-none-eabi/9.3.1/../../../../arm-none-eabi/lib/thumb/v7-m/nofp/libc_nano.a(lib_a-nano-vfprintf_i.o)
                0x000000000800545c                . = ALIGN (0x4)
 *fill*         0x000000000800545b        0x1 

.rel.dyn        0x000000000800545c        0x0
 .rel.iplt      0x000000000800545c        0x0 /opt/st/stm32cubeide_1.6.0/plugins/com.st.stm32cube.ide.mcu.externaltools.gnu-tools-for-stm32.9-2020-q2-update.linux64_1.5.0.202011040924/tools/bin/../lib/gcc/arm-none-eabi/9.3.1/thumb/v7-m/nofp/crtbegin.o

.ARM.extab      0x000000000800545c        0x0
                0x000000000800545c                . = ALIGN (0x4)
 *(.ARM.extab* .gnu.linkonce.armextab.*)
                0x000000000800545c                . = ALIGN (0x4)

.ARM            0x000000000800545c        0x0
                0x000000000800545c                . = ALIGN (0x4)
                0x000000000800545c                __exidx_start = .
 *(.ARM.exidx*)
                0x000000000800545c                __exidx_end = .
                0x000000000800545c                . = ALIGN (0x4)

.preinit_array  0x000000000800545c        0x0
                0x000000000800545c                . = ALIGN (0x4)
                0x000000000800545c                PROVIDE (__preinit_array_start = .)
 *(.preinit_array*)
                0x000000000800545c                PROVIDE (__preinit_array_end = .)
                0x000000000800545c                . = ALIGN (0x4)

.init_array     0x000000000800545c        0x4
                0x000000000800545c                . = ALIGN (0x4)
                0x000000000800545c                PROVIDE (__init_array_start = .)
 *(SORT_BY_NAME(.init_array.*))
 *(.init_array*)
 .init_array    0x000000000800545c        0x4 /opt/st/stm32cubeide_1.6.0/plugins/com.st.stm32cube.ide.mcu.externaltools.gnu-tools-for-stm32.9-2020-q2-update.linux64_1.5.0.202011040924/tools/bin/../lib/gcc/arm-none-eabi/9.3.1/thumb/v7-m/nofp/crtbegin.o
                0x0000000008005460                PROVIDE (__init_array_end = .)
                0x0000000008005460                . = ALIGN (0x4)

.fini_array     0x0000000008005460        0x4
                0x0000000008005460                . = ALIGN (0x4)
                [!provide]                        PROVIDE (__fini_array_start = .)
 *(SORT_BY_NAME(.fini_array.*))
 *(.fini_array*)
 .fini_array    0x0000000008005460        0x4 /opt/st/stm32cubeide_1.6.0/plugins/com.st.stm32cube.ide.mcu.externaltools.gnu-tools-for-stm32.9-2020-q2-update.linux64_1.5.0.202011040924/tools/bin/../lib/gcc/arm-none-eabi/9.3.1/thumb/v7-m/nofp/crtbegin.o
                [!provide]                        PROVIDE (__fini_array_end = .)
                0x0000000008005464                . = ALIGN (0x4)
                0x0000000008005464                _sidata = LOADADDR (.data)

.data           0x0000000020000000       0x78 load address 0x0000000008005464
                0x0000000020000000                . = ALIGN (0x4)
                0x0000000020000000                _sdata = .
 *(.data)
 *(.data*)
 .data.adc_val  0x0000000020000000        0x4 Core/Src/main.o
                0x0000000020000000                adc_val
 .data.set_temperature
                0x0000000020000004        0x4 Core/Src/main.o
                0x0000000020000004                set_temperature
 .data.SystemCoreClock
                0x0000000020000008        0x4 Core/Src/system_stm32f1xx.o
                0x0000000020000008                SystemCoreClock
 .data.uwTickPrio
                0x000000002000000c        0x4 Drivers/STM32F1xx_HAL_Driver/Src/stm32f1xx_hal.o
                0x000000002000000c                uwTickPrio
 .data.uwTickFreq
                0x0000000020000010        0x1 Drivers/STM32F1xx_HAL_Driver/Src/stm32f1xx_hal.o
                0x0000000020000010                uwTickFreq
 *fill*         0x0000000020000011        0x3 
 .data._impure_ptr
                0x0000000020000014        0x4 /opt/st/stm32cubeide_1.6.0/plugins/com.st.stm32cube.ide.mcu.externaltools.gnu-tools-for-stm32.9-2020-q2-update.linux64_1.5.0.202011040924/tools/bin/../lib/gcc/arm-none-eabi/9.3.1/../../../../arm-none-eabi/lib/thumb/v7-m/nofp/libc_nano.a(lib_a-impure.o)
                0x0000000020000014                _impure_ptr
 .data.impure_data
                0x0000000020000018       0x60 /opt/st/stm32cubeide_1.6.0/plugins/com.st.stm32cube.ide.mcu.externaltools.gnu-tools-for-stm32.9-2020-q2-update.linux64_1.5.0.202011040924/tools/bin/../lib/gcc/arm-none-eabi/9.3.1/../../../../arm-none-eabi/lib/thumb/v7-m/nofp/libc_nano.a(lib_a-impure.o)
 *(.RamFunc)
 *(.RamFunc*)
                0x0000000020000078                . = ALIGN (0x4)
                0x0000000020000078                _edata = .

.igot.plt       0x0000000020000078        0x0 load address 0x00000000080054dc
 .igot.plt      0x0000000020000078        0x0 /opt/st/stm32cubeide_1.6.0/plugins/com.st.stm32cube.ide.mcu.externaltools.gnu-tools-for-stm32.9-2020-q2-update.linux64_1.5.0.202011040924/tools/bin/../lib/gcc/arm-none-eabi/9.3.1/thumb/v7-m/nofp/crtbegin.o
                0x0000000020000078                . = ALIGN (0x4)

.bss            0x0000000020000078      0x198 load address 0x00000000080054dc
                0x0000000020000078                _sbss = .
                0x0000000020000078                __bss_start__ = _sbss
 *(.bss)
 .bss           0x0000000020000078       0x1c /opt/st/stm32cubeide_1.6.0/plugins/com.st.stm32cube.ide.mcu.externaltools.gnu-tools-for-stm32.9-2020-q2-update.linux64_1.5.0.202011040924/tools/bin/../lib/gcc/arm-none-eabi/9.3.1/thumb/v7-m/nofp/crtbegin.o
 *(.bss*)
 .bss.i         0x0000000020000094        0x4 Core/Src/main.o
                0x0000000020000094                i
 .bss.PID_error
                0x0000000020000098        0x4 Core/Src/main.o
                0x0000000020000098                PID_error
 .bss.previous_error
                0x000000002000009c        0x4 Core/Src/main.o
                0x000000002000009c                previous_error
 .bss.PID_value
                0x00000000200000a0        0x4 Core/Src/main.o
                0x00000000200000a0                PID_value
 .bss.PID_p     0x00000000200000a4        0x4 Core/Src/main.o
                0x00000000200000a4                PID_p
 .bss.PID_i     0x00000000200000a8        0x4 Core/Src/main.o
                0x00000000200000a8                PID_i
 .bss.PID_d     0x00000000200000ac        0x4 Core/Src/main.o
                0x00000000200000ac                PID_d
 .bss.__sbrk_heap_end
                0x00000000200000b0        0x4 Core/Src/sysmem.o
 .bss.__malloc_free_list
                0x00000000200000b4        0x4 /opt/st/stm32cubeide_1.6.0/plugins/com.st.stm32cube.ide.mcu.externaltools.gnu-tools-for-stm32.9-2020-q2-update.linux64_1.5.0.202011040924/tools/bin/../lib/gcc/arm-none-eabi/9.3.1/../../../../arm-none-eabi/lib/thumb/v7-m/nofp/libc_nano.a(lib_a-nano-mallocr.o)
                0x00000000200000b4                __malloc_free_list
 .bss.__malloc_sbrk_start
                0x00000000200000b8        0x4 /opt/st/stm32cubeide_1.6.0/plugins/com.st.stm32cube.ide.mcu.externaltools.gnu-tools-for-stm32.9-2020-q2-update.linux64_1.5.0.202011040924/tools/bin/../lib/gcc/arm-none-eabi/9.3.1/../../../../arm-none-eabi/lib/thumb/v7-m/nofp/libc_nano.a(lib_a-nano-mallocr.o)
                0x00000000200000b8                __malloc_sbrk_start
 *(COMMON)
 COMMON         0x00000000200000bc      0x140 Core/Src/main.o
                0x00000000200000bc                elapsedTime
                0x00000000200000c0                PWM_pin
                0x00000000200000c4                hi2c1
                0x0000000020000118                bufferDMA
                0x000000002000011c                timePrev
                0x0000000020000120                tempConv
                0x0000000020000124                hadc1
                0x0000000020000154                Vout
                0x0000000020000158                hdma_adc1
                0x000000002000019c                R_NTC
                0x00000000200001a0                htim1
                0x00000000200001e8                Time
                0x00000000200001ec                Temp_K
                0x00000000200001f0                tempCint
                0x00000000200001f4                temperature_read
                0x00000000200001f8                Temp_C
 COMMON         0x00000000200001fc        0x4 Drivers/STM32F1xx_HAL_Driver/Src/stm32f1xx_hal.o
                0x00000000200001fc                uwTick
 COMMON         0x0000000020000200        0x4 /opt/st/stm32cubeide_1.6.0/plugins/com.st.stm32cube.ide.mcu.externaltools.gnu-tools-for-stm32.9-2020-q2-update.linux64_1.5.0.202011040924/tools/bin/../lib/gcc/arm-none-eabi/9.3.1/../../../../arm-none-eabi/lib/thumb/v7-m/nofp/libc_nano.a(lib_a-reent.o)
                0x0000000020000200                errno
 COMMON         0x0000000020000204        0x9 /opt/st/stm32cubeide_1.6.0/plugins/com.st.stm32cube.ide.mcu.externaltools.gnu-tools-for-stm32.9-2020-q2-update.linux64_1.5.0.202011040924/tools/bin/../lib/gcc/arm-none-eabi/9.3.1/../../../../arm-none-eabi/lib/thumb/v7-m/nofp/libc_nano.a(lib_a-lock.o)
                0x0000000020000204                __lock___atexit_recursive_mutex
                0x0000000020000205                __lock___arc4random_mutex
                0x0000000020000206                __lock___env_recursive_mutex
                0x0000000020000207                __lock___sinit_recursive_mutex
                0x0000000020000208                __lock___malloc_recursive_mutex
                0x0000000020000209                __lock___at_quick_exit_mutex
                0x000000002000020a                __lock___dd_hash_mutex
                0x000000002000020b                __lock___tz_mutex
                0x000000002000020c                __lock___sfp_recursive_mutex
                0x0000000020000210                . = ALIGN (0x4)
 *fill*         0x000000002000020d        0x3 
                0x0000000020000210                _ebss = .
                0x0000000020000210                __bss_end__ = _ebss

._user_heap_stack
                0x0000000020000210      0x600 load address 0x00000000080054dc
                0x0000000020000210                . = ALIGN (0x8)
                [!provide]                        PROVIDE (end = .)
                0x0000000020000210                PROVIDE (_end = .)
                0x0000000020000410                . = (. + _Min_Heap_Size)
 *fill*         0x0000000020000210      0x200 
                0x0000000020000810                . = (. + _Min_Stack_Size)
 *fill*         0x0000000020000410      0x400 
                0x0000000020000810                . = ALIGN (0x8)

/DISCARD/
 libc.a(*)
 libm.a(*)
 libgcc.a(*)

.ARM.attributes
                0x0000000000000000       0x29
 *(.ARM.attributes)
 .ARM.attributes
                0x0000000000000000       0x1d /opt/st/stm32cubeide_1.6.0/plugins/com.st.stm32cube.ide.mcu.externaltools.gnu-tools-for-stm32.9-2020-q2-update.linux64_1.5.0.202011040924/tools/bin/../lib/gcc/arm-none-eabi/9.3.1/thumb/v7-m/nofp/crti.o
 .ARM.attributes
                0x000000000000001d       0x2d /opt/st/stm32cubeide_1.6.0/plugins/com.st.stm32cube.ide.mcu.externaltools.gnu-tools-for-stm32.9-2020-q2-update.linux64_1.5.0.202011040924/tools/bin/../lib/gcc/arm-none-eabi/9.3.1/thumb/v7-m/nofp/crtbegin.o
 .ARM.attributes
                0x000000000000004a       0x2d Core/Src/i2c-lcd.o
 .ARM.attributes
                0x0000000000000077       0x2d Core/Src/main.o
 .ARM.attributes
                0x00000000000000a4       0x2d Core/Src/stm32f1xx_hal_msp.o
 .ARM.attributes
                0x00000000000000d1       0x2d Core/Src/stm32f1xx_it.o
 .ARM.attributes
                0x00000000000000fe       0x2d Core/Src/sysmem.o
 .ARM.attributes
                0x000000000000012b       0x2d Core/Src/system_stm32f1xx.o
 .ARM.attributes
                0x0000000000000158       0x21 Core/Startup/startup_stm32f103c8tx.o
 .ARM.attributes
                0x0000000000000179       0x2d Drivers/STM32F1xx_HAL_Driver/Src/stm32f1xx_hal.o
 .ARM.attributes
                0x00000000000001a6       0x2d Drivers/STM32F1xx_HAL_Driver/Src/stm32f1xx_hal_adc.o
 .ARM.attributes
                0x00000000000001d3       0x2d Drivers/STM32F1xx_HAL_Driver/Src/stm32f1xx_hal_cortex.o
 .ARM.attributes
                0x0000000000000200       0x2d Drivers/STM32F1xx_HAL_Driver/Src/stm32f1xx_hal_dma.o
 .ARM.attributes
                0x000000000000022d       0x2d Drivers/STM32F1xx_HAL_Driver/Src/stm32f1xx_hal_gpio.o
 .ARM.attributes
                0x000000000000025a       0x2d Drivers/STM32F1xx_HAL_Driver/Src/stm32f1xx_hal_i2c.o
 .ARM.attributes
                0x0000000000000287       0x2d Drivers/STM32F1xx_HAL_Driver/Src/stm32f1xx_hal_rcc.o
 .ARM.attributes
                0x00000000000002b4       0x2d Drivers/STM32F1xx_HAL_Driver/Src/stm32f1xx_hal_rcc_ex.o
 .ARM.attributes
                0x00000000000002e1       0x2d Drivers/STM32F1xx_HAL_Driver/Src/stm32f1xx_hal_tim.o
 .ARM.attributes
                0x000000000000030e       0x2d Drivers/STM32F1xx_HAL_Driver/Src/stm32f1xx_hal_tim_ex.o
 .ARM.attributes
                0x000000000000033b       0x2d /opt/st/stm32cubeide_1.6.0/plugins/com.st.stm32cube.ide.mcu.externaltools.gnu-tools-for-stm32.9-2020-q2-update.linux64_1.5.0.202011040924/tools/bin/../lib/gcc/arm-none-eabi/9.3.1/../../../../arm-none-eabi/lib/thumb/v7-m/nofp/libc_nano.a(lib_a-errno.o)
 .ARM.attributes
                0x0000000000000368       0x2d /opt/st/stm32cubeide_1.6.0/plugins/com.st.stm32cube.ide.mcu.externaltools.gnu-tools-for-stm32.9-2020-q2-update.linux64_1.5.0.202011040924/tools/bin/../lib/gcc/arm-none-eabi/9.3.1/../../../../arm-none-eabi/lib/thumb/v7-m/nofp/libc_nano.a(lib_a-impure.o)
 .ARM.attributes
                0x0000000000000395       0x2d /opt/st/stm32cubeide_1.6.0/plugins/com.st.stm32cube.ide.mcu.externaltools.gnu-tools-for-stm32.9-2020-q2-update.linux64_1.5.0.202011040924/tools/bin/../lib/gcc/arm-none-eabi/9.3.1/../../../../arm-none-eabi/lib/thumb/v7-m/nofp/libc_nano.a(lib_a-init.o)
 .ARM.attributes
                0x00000000000003c2       0x2d /opt/st/stm32cubeide_1.6.0/plugins/com.st.stm32cube.ide.mcu.externaltools.gnu-tools-for-stm32.9-2020-q2-update.linux64_1.5.0.202011040924/tools/bin/../lib/gcc/arm-none-eabi/9.3.1/../../../../arm-none-eabi/lib/thumb/v7-m/nofp/libc_nano.a(lib_a-memset.o)
 .ARM.attributes
                0x00000000000003ef       0x2d /opt/st/stm32cubeide_1.6.0/plugins/com.st.stm32cube.ide.mcu.externaltools.gnu-tools-for-stm32.9-2020-q2-update.linux64_1.5.0.202011040924/tools/bin/../lib/gcc/arm-none-eabi/9.3.1/../../../../arm-none-eabi/lib/thumb/v7-m/nofp/libc_nano.a(lib_a-sprintf.o)
 .ARM.attributes
                0x000000000000041c       0x2d /opt/st/stm32cubeide_1.6.0/plugins/com.st.stm32cube.ide.mcu.externaltools.gnu-tools-for-stm32.9-2020-q2-update.linux64_1.5.0.202011040924/tools/bin/../lib/gcc/arm-none-eabi/9.3.1/../../../../arm-none-eabi/lib/thumb/v7-m/nofp/libc_nano.a(lib_a-nano-svfprintf.o)
 .ARM.attributes
                0x0000000000000449       0x2d /opt/st/stm32cubeide_1.6.0/plugins/com.st.stm32cube.ide.mcu.externaltools.gnu-tools-for-stm32.9-2020-q2-update.linux64_1.5.0.202011040924/tools/bin/../lib/gcc/arm-none-eabi/9.3.1/../../../../arm-none-eabi/lib/thumb/v7-m/nofp/libc_nano.a(lib_a-nano-vfprintf_i.o)
 .ARM.attributes
                0x0000000000000476       0x2d /opt/st/stm32cubeide_1.6.0/plugins/com.st.stm32cube.ide.mcu.externaltools.gnu-tools-for-stm32.9-2020-q2-update.linux64_1.5.0.202011040924/tools/bin/../lib/gcc/arm-none-eabi/9.3.1/../../../../arm-none-eabi/lib/thumb/v7-m/nofp/libc_nano.a(lib_a-memchr-stub.o)
 .ARM.attributes
                0x00000000000004a3       0x2d /opt/st/stm32cubeide_1.6.0/plugins/com.st.stm32cube.ide.mcu.externaltools.gnu-tools-for-stm32.9-2020-q2-update.linux64_1.5.0.202011040924/tools/bin/../lib/gcc/arm-none-eabi/9.3.1/../../../../arm-none-eabi/lib/thumb/v7-m/nofp/libc_nano.a(lib_a-memcpy-stub.o)
 .ARM.attributes
                0x00000000000004d0       0x2d /opt/st/stm32cubeide_1.6.0/plugins/com.st.stm32cube.ide.mcu.externaltools.gnu-tools-for-stm32.9-2020-q2-update.linux64_1.5.0.202011040924/tools/bin/../lib/gcc/arm-none-eabi/9.3.1/../../../../arm-none-eabi/lib/thumb/v7-m/nofp/libc_nano.a(lib_a-memmove.o)
 .ARM.attributes
                0x00000000000004fd       0x2d /opt/st/stm32cubeide_1.6.0/plugins/com.st.stm32cube.ide.mcu.externaltools.gnu-tools-for-stm32.9-2020-q2-update.linux64_1.5.0.202011040924/tools/bin/../lib/gcc/arm-none-eabi/9.3.1/../../../../arm-none-eabi/lib/thumb/v7-m/nofp/libc_nano.a(lib_a-nano-freer.o)
 .ARM.attributes
                0x000000000000052a       0x2d /opt/st/stm32cubeide_1.6.0/plugins/com.st.stm32cube.ide.mcu.externaltools.gnu-tools-for-stm32.9-2020-q2-update.linux64_1.5.0.202011040924/tools/bin/../lib/gcc/arm-none-eabi/9.3.1/../../../../arm-none-eabi/lib/thumb/v7-m/nofp/libc_nano.a(lib_a-nano-mallocr.o)
 .ARM.attributes
                0x0000000000000557       0x2d /opt/st/stm32cubeide_1.6.0/plugins/com.st.stm32cube.ide.mcu.externaltools.gnu-tools-for-stm32.9-2020-q2-update.linux64_1.5.0.202011040924/tools/bin/../lib/gcc/arm-none-eabi/9.3.1/../../../../arm-none-eabi/lib/thumb/v7-m/nofp/libc_nano.a(lib_a-nano-reallocr.o)
 .ARM.attributes
                0x0000000000000584       0x2d /opt/st/stm32cubeide_1.6.0/plugins/com.st.stm32cube.ide.mcu.externaltools.gnu-tools-for-stm32.9-2020-q2-update.linux64_1.5.0.202011040924/tools/bin/../lib/gcc/arm-none-eabi/9.3.1/../../../../arm-none-eabi/lib/thumb/v7-m/nofp/libc_nano.a(lib_a-sbrkr.o)
 .ARM.attributes
                0x00000000000005b1       0x2d /opt/st/stm32cubeide_1.6.0/plugins/com.st.stm32cube.ide.mcu.externaltools.gnu-tools-for-stm32.9-2020-q2-update.linux64_1.5.0.202011040924/tools/bin/../lib/gcc/arm-none-eabi/9.3.1/../../../../arm-none-eabi/lib/thumb/v7-m/nofp/libc_nano.a(lib_a-mlock.o)
 .ARM.attributes
                0x00000000000005de       0x2d /opt/st/stm32cubeide_1.6.0/plugins/com.st.stm32cube.ide.mcu.externaltools.gnu-tools-for-stm32.9-2020-q2-update.linux64_1.5.0.202011040924/tools/bin/../lib/gcc/arm-none-eabi/9.3.1/../../../../arm-none-eabi/lib/thumb/v7-m/nofp/libc_nano.a(lib_a-nano-msizer.o)
 .ARM.attributes
                0x000000000000060b       0x2d /opt/st/stm32cubeide_1.6.0/plugins/com.st.stm32cube.ide.mcu.externaltools.gnu-tools-for-stm32.9-2020-q2-update.linux64_1.5.0.202011040924/tools/bin/../lib/gcc/arm-none-eabi/9.3.1/../../../../arm-none-eabi/lib/thumb/v7-m/nofp/libc_nano.a(lib_a-reent.o)
 .ARM.attributes
                0x0000000000000638       0x2d /opt/st/stm32cubeide_1.6.0/plugins/com.st.stm32cube.ide.mcu.externaltools.gnu-tools-for-stm32.9-2020-q2-update.linux64_1.5.0.202011040924/tools/bin/../lib/gcc/arm-none-eabi/9.3.1/../../../../arm-none-eabi/lib/thumb/v7-m/nofp/libc_nano.a(lib_a-lock.o)
 .ARM.attributes
                0x0000000000000665       0x1d /opt/st/stm32cubeide_1.6.0/plugins/com.st.stm32cube.ide.mcu.externaltools.gnu-tools-for-stm32.9-2020-q2-update.linux64_1.5.0.202011040924/tools/bin/../lib/gcc/arm-none-eabi/9.3.1/thumb/v7-m/nofp/libgcc.a(_arm_muldf3.o)
 .ARM.attributes
                0x0000000000000682       0x1d /opt/st/stm32cubeide_1.6.0/plugins/com.st.stm32cube.ide.mcu.externaltools.gnu-tools-for-stm32.9-2020-q2-update.linux64_1.5.0.202011040924/tools/bin/../lib/gcc/arm-none-eabi/9.3.1/thumb/v7-m/nofp/libgcc.a(_arm_addsubdf3.o)
 .ARM.attributes
                0x000000000000069f       0x1d /opt/st/stm32cubeide_1.6.0/plugins/com.st.stm32cube.ide.mcu.externaltools.gnu-tools-for-stm32.9-2020-q2-update.linux64_1.5.0.202011040924/tools/bin/../lib/gcc/arm-none-eabi/9.3.1/thumb/v7-m/nofp/libgcc.a(_arm_truncdfsf2.o)
 .ARM.attributes
                0x00000000000006bc       0x1d /opt/st/stm32cubeide_1.6.0/plugins/com.st.stm32cube.ide.mcu.externaltools.gnu-tools-for-stm32.9-2020-q2-update.linux64_1.5.0.202011040924/tools/bin/../lib/gcc/arm-none-eabi/9.3.1/thumb/v7-m/nofp/libgcc.a(_arm_addsubsf3.o)
 .ARM.attributes
                0x00000000000006d9       0x1d /opt/st/stm32cubeide_1.6.0/plugins/com.st.stm32cube.ide.mcu.externaltools.gnu-tools-for-stm32.9-2020-q2-update.linux64_1.5.0.202011040924/tools/bin/../lib/gcc/arm-none-eabi/9.3.1/thumb/v7-m/nofp/libgcc.a(_arm_muldivsf3.o)
 .ARM.attributes
                0x00000000000006f6       0x1d /opt/st/stm32cubeide_1.6.0/plugins/com.st.stm32cube.ide.mcu.externaltools.gnu-tools-for-stm32.9-2020-q2-update.linux64_1.5.0.202011040924/tools/bin/../lib/gcc/arm-none-eabi/9.3.1/thumb/v7-m/nofp/libgcc.a(_arm_cmpsf2.o)
 .ARM.attributes
                0x0000000000000713       0x1d /opt/st/stm32cubeide_1.6.0/plugins/com.st.stm32cube.ide.mcu.externaltools.gnu-tools-for-stm32.9-2020-q2-update.linux64_1.5.0.202011040924/tools/bin/../lib/gcc/arm-none-eabi/9.3.1/thumb/v7-m/nofp/libgcc.a(_arm_fixunssfsi.o)
 .ARM.attributes
                0x0000000000000730       0x1d /opt/st/stm32cubeide_1.6.0/plugins/com.st.stm32cube.ide.mcu.externaltools.gnu-tools-for-stm32.9-2020-q2-update.linux64_1.5.0.202011040924/tools/bin/../lib/gcc/arm-none-eabi/9.3.1/thumb/v7-m/nofp/crtn.o
OUTPUT(controlPID.elf elf32-littlearm)
LOAD linker stubs
LOAD /opt/st/stm32cubeide_1.6.0/plugins/com.st.stm32cube.ide.mcu.externaltools.gnu-tools-for-stm32.9-2020-q2-update.linux64_1.5.0.202011040924/tools/bin/../lib/gcc/arm-none-eabi/9.3.1/../../../../arm-none-eabi/lib/thumb/v7-m/nofp/libc.a
LOAD /opt/st/stm32cubeide_1.6.0/plugins/com.st.stm32cube.ide.mcu.externaltools.gnu-tools-for-stm32.9-2020-q2-update.linux64_1.5.0.202011040924/tools/bin/../lib/gcc/arm-none-eabi/9.3.1/../../../../arm-none-eabi/lib/thumb/v7-m/nofp/libm.a
LOAD /opt/st/stm32cubeide_1.6.0/plugins/com.st.stm32cube.ide.mcu.externaltools.gnu-tools-for-stm32.9-2020-q2-update.linux64_1.5.0.202011040924/tools/bin/../lib/gcc/arm-none-eabi/9.3.1/thumb/v7-m/nofp/libgcc.a

.debug_info     0x0000000000000000     0xec45
 .debug_info    0x0000000000000000      0x7aa Core/Src/i2c-lcd.o
 .debug_info    0x00000000000007aa     0x1ec8 Core/Src/main.o
 .debug_info    0x0000000000002672     0x10b9 Core/Src/stm32f1xx_hal_msp.o
 .debug_info    0x000000000000372b      0x4cd Core/Src/stm32f1xx_it.o
 .debug_info    0x0000000000003bf8      0xa25 Core/Src/sysmem.o
 .debug_info    0x000000000000461d      0x2be Core/Src/system_stm32f1xx.o
 .debug_info    0x00000000000048db       0x22 Core/Startup/startup_stm32f103c8tx.o
 .debug_info    0x00000000000048fd      0x76a Drivers/STM32F1xx_HAL_Driver/Src/stm32f1xx_hal.o
 .debug_info    0x0000000000005067      0xd2d Drivers/STM32F1xx_HAL_Driver/Src/stm32f1xx_hal_adc.o
 .debug_info    0x0000000000005d94      0xbdc Drivers/STM32F1xx_HAL_Driver/Src/stm32f1xx_hal_cortex.o
 .debug_info    0x0000000000006970      0x81e Drivers/STM32F1xx_HAL_Driver/Src/stm32f1xx_hal_dma.o
 .debug_info    0x000000000000718e      0x701 Drivers/STM32F1xx_HAL_Driver/Src/stm32f1xx_hal_gpio.o
 .debug_info    0x000000000000788f     0x278e Drivers/STM32F1xx_HAL_Driver/Src/stm32f1xx_hal_i2c.o
 .debug_info    0x000000000000a01d      0x88e Drivers/STM32F1xx_HAL_Driver/Src/stm32f1xx_hal_rcc.o
 .debug_info    0x000000000000a8ab      0x480 Drivers/STM32F1xx_HAL_Driver/Src/stm32f1xx_hal_rcc_ex.o
 .debug_info    0x000000000000ad2b     0x2a45 Drivers/STM32F1xx_HAL_Driver/Src/stm32f1xx_hal_tim.o
 .debug_info    0x000000000000d770     0x14d5 Drivers/STM32F1xx_HAL_Driver/Src/stm32f1xx_hal_tim_ex.o

.debug_abbrev   0x0000000000000000     0x2273
 .debug_abbrev  0x0000000000000000      0x1cc Core/Src/i2c-lcd.o
 .debug_abbrev  0x00000000000001cc      0x38d Core/Src/main.o
 .debug_abbrev  0x0000000000000559      0x219 Core/Src/stm32f1xx_hal_msp.o
 .debug_abbrev  0x0000000000000772      0x185 Core/Src/stm32f1xx_it.o
 .debug_abbrev  0x00000000000008f7      0x1bf Core/Src/sysmem.o
 .debug_abbrev  0x0000000000000ab6      0x14e Core/Src/system_stm32f1xx.o
 .debug_abbrev  0x0000000000000c04       0x12 Core/Startup/startup_stm32f103c8tx.o
 .debug_abbrev  0x0000000000000c16      0x1ed Drivers/STM32F1xx_HAL_Driver/Src/stm32f1xx_hal.o
 .debug_abbrev  0x0000000000000e03      0x1fb Drivers/STM32F1xx_HAL_Driver/Src/stm32f1xx_hal_adc.o
 .debug_abbrev  0x0000000000000ffe      0x313 Drivers/STM32F1xx_HAL_Driver/Src/stm32f1xx_hal_cortex.o
 .debug_abbrev  0x0000000000001311      0x228 Drivers/STM32F1xx_HAL_Driver/Src/stm32f1xx_hal_dma.o
 .debug_abbrev  0x0000000000001539      0x1e8 Drivers/STM32F1xx_HAL_Driver/Src/stm32f1xx_hal_gpio.o
 .debug_abbrev  0x0000000000001721      0x288 Drivers/STM32F1xx_HAL_Driver/Src/stm32f1xx_hal_i2c.o
 .debug_abbrev  0x00000000000019a9      0x273 Drivers/STM32F1xx_HAL_Driver/Src/stm32f1xx_hal_rcc.o
 .debug_abbrev  0x0000000000001c1c      0x193 Drivers/STM32F1xx_HAL_Driver/Src/stm32f1xx_hal_rcc_ex.o
 .debug_abbrev  0x0000000000001daf      0x25e Drivers/STM32F1xx_HAL_Driver/Src/stm32f1xx_hal_tim.o
 .debug_abbrev  0x000000000000200d      0x266 Drivers/STM32F1xx_HAL_Driver/Src/stm32f1xx_hal_tim_ex.o

.debug_aranges  0x0000000000000000      0xe20
 .debug_aranges
                0x0000000000000000       0x40 Core/Src/i2c-lcd.o
 .debug_aranges
                0x0000000000000040       0x70 Core/Src/main.o
 .debug_aranges
                0x00000000000000b0       0x58 Core/Src/stm32f1xx_hal_msp.o
 .debug_aranges
                0x0000000000000108       0x68 Core/Src/stm32f1xx_it.o
 .debug_aranges
                0x0000000000000170       0x20 Core/Src/sysmem.o
 .debug_aranges
                0x0000000000000190       0x28 Core/Src/system_stm32f1xx.o
 .debug_aranges
                0x00000000000001b8       0x28 Core/Startup/startup_stm32f103c8tx.o
 .debug_aranges
                0x00000000000001e0       0xe0 Drivers/STM32F1xx_HAL_Driver/Src/stm32f1xx_hal.o
 .debug_aranges
                0x00000000000002c0       0xf0 Drivers/STM32F1xx_HAL_Driver/Src/stm32f1xx_hal_adc.o
 .debug_aranges
                0x00000000000003b0      0x100 Drivers/STM32F1xx_HAL_Driver/Src/stm32f1xx_hal_cortex.o
 .debug_aranges
                0x00000000000004b0       0x80 Drivers/STM32F1xx_HAL_Driver/Src/stm32f1xx_hal_dma.o
 .debug_aranges
                0x0000000000000530       0x58 Drivers/STM32F1xx_HAL_Driver/Src/stm32f1xx_hal_gpio.o
 .debug_aranges
                0x0000000000000588      0x2a0 Drivers/STM32F1xx_HAL_Driver/Src/stm32f1xx_hal_i2c.o
 .debug_aranges
                0x0000000000000828       0x90 Drivers/STM32F1xx_HAL_Driver/Src/stm32f1xx_hal_rcc.o
 .debug_aranges
                0x00000000000008b8       0x30 Drivers/STM32F1xx_HAL_Driver/Src/stm32f1xx_hal_rcc_ex.o
 .debug_aranges
                0x00000000000008e8      0x3d0 Drivers/STM32F1xx_HAL_Driver/Src/stm32f1xx_hal_tim.o
 .debug_aranges
                0x0000000000000cb8      0x168 Drivers/STM32F1xx_HAL_Driver/Src/stm32f1xx_hal_tim_ex.o

.debug_ranges   0x0000000000000000      0xd40
 .debug_ranges  0x0000000000000000       0x30 Core/Src/i2c-lcd.o
 .debug_ranges  0x0000000000000030       0x60 Core/Src/main.o
 .debug_ranges  0x0000000000000090       0x48 Core/Src/stm32f1xx_hal_msp.o
 .debug_ranges  0x00000000000000d8       0x58 Core/Src/stm32f1xx_it.o
 .debug_ranges  0x0000000000000130       0x10 Core/Src/sysmem.o
 .debug_ranges  0x0000000000000140       0x18 Core/Src/system_stm32f1xx.o
 .debug_ranges  0x0000000000000158       0x20 Core/Startup/startup_stm32f103c8tx.o
 .debug_ranges  0x0000000000000178       0xd0 Drivers/STM32F1xx_HAL_Driver/Src/stm32f1xx_hal.o
 .debug_ranges  0x0000000000000248       0xe0 Drivers/STM32F1xx_HAL_Driver/Src/stm32f1xx_hal_adc.o
 .debug_ranges  0x0000000000000328       0xf0 Drivers/STM32F1xx_HAL_Driver/Src/stm32f1xx_hal_cortex.o
 .debug_ranges  0x0000000000000418       0x70 Drivers/STM32F1xx_HAL_Driver/Src/stm32f1xx_hal_dma.o
 .debug_ranges  0x0000000000000488       0x48 Drivers/STM32F1xx_HAL_Driver/Src/stm32f1xx_hal_gpio.o
 .debug_ranges  0x00000000000004d0      0x2b8 Drivers/STM32F1xx_HAL_Driver/Src/stm32f1xx_hal_i2c.o
 .debug_ranges  0x0000000000000788       0x80 Drivers/STM32F1xx_HAL_Driver/Src/stm32f1xx_hal_rcc.o
 .debug_ranges  0x0000000000000808       0x20 Drivers/STM32F1xx_HAL_Driver/Src/stm32f1xx_hal_rcc_ex.o
 .debug_ranges  0x0000000000000828      0x3c0 Drivers/STM32F1xx_HAL_Driver/Src/stm32f1xx_hal_tim.o
 .debug_ranges  0x0000000000000be8      0x158 Drivers/STM32F1xx_HAL_Driver/Src/stm32f1xx_hal_tim_ex.o

.debug_macro    0x0000000000000000    0x189c1
 .debug_macro   0x0000000000000000      0x1c1 Core/Src/i2c-lcd.o
 .debug_macro   0x00000000000001c1      0xa9c Core/Src/i2c-lcd.o
 .debug_macro   0x0000000000000c5d      0x227 Core/Src/i2c-lcd.o
 .debug_macro   0x0000000000000e84       0x2e Core/Src/i2c-lcd.o
 .debug_macro   0x0000000000000eb2       0x22 Core/Src/i2c-lcd.o
 .debug_macro   0x0000000000000ed4       0x22 Core/Src/i2c-lcd.o
 .debug_macro   0x0000000000000ef6       0x8e Core/Src/i2c-lcd.o
 .debug_macro   0x0000000000000f84       0x51 Core/Src/i2c-lcd.o
 .debug_macro   0x0000000000000fd5      0x103 Core/Src/i2c-lcd.o
 .debug_macro   0x00000000000010d8       0x6a Core/Src/i2c-lcd.o
 .debug_macro   0x0000000000001142      0x1df Core/Src/i2c-lcd.o
 .debug_macro   0x0000000000001321       0x1c Core/Src/i2c-lcd.o
 .debug_macro   0x000000000000133d       0x22 Core/Src/i2c-lcd.o
 .debug_macro   0x000000000000135f       0xc3 Core/Src/i2c-lcd.o
 .debug_macro   0x0000000000001422      0xd23 Core/Src/i2c-lcd.o
 .debug_macro   0x0000000000002145     0xe09e Core/Src/i2c-lcd.o
 .debug_macro   0x00000000000101e3       0x6d Core/Src/i2c-lcd.o
 .debug_macro   0x0000000000010250     0x3468 Core/Src/i2c-lcd.o
 .debug_macro   0x00000000000136b8      0x174 Core/Src/i2c-lcd.o
 .debug_macro   0x000000000001382c       0x5c Core/Src/i2c-lcd.o
 .debug_macro   0x0000000000013888      0x5be Core/Src/i2c-lcd.o
 .debug_macro   0x0000000000013e46      0x289 Core/Src/i2c-lcd.o
 .debug_macro   0x00000000000140cf      0x1cb Core/Src/i2c-lcd.o
 .debug_macro   0x000000000001429a      0x114 Core/Src/i2c-lcd.o
 .debug_macro   0x00000000000143ae      0x1b2 Core/Src/i2c-lcd.o
 .debug_macro   0x0000000000014560       0x27 Core/Src/i2c-lcd.o
 .debug_macro   0x0000000000014587      0x136 Core/Src/i2c-lcd.o
 .debug_macro   0x00000000000146bd      0x1bc Core/Src/i2c-lcd.o
 .debug_macro   0x0000000000014879       0x34 Core/Src/i2c-lcd.o
 .debug_macro   0x00000000000148ad       0x3c Core/Src/i2c-lcd.o
 .debug_macro   0x00000000000148e9       0x57 Core/Src/i2c-lcd.o
 .debug_macro   0x0000000000014940      0x46a Core/Src/i2c-lcd.o
 .debug_macro   0x0000000000014daa      0x1b5 Core/Src/i2c-lcd.o
 .debug_macro   0x0000000000014f5f       0x88 Core/Src/i2c-lcd.o
 .debug_macro   0x0000000000014fe7      0x241 Core/Src/i2c-lcd.o
 .debug_macro   0x0000000000015228      0x287 Core/Src/i2c-lcd.o
 .debug_macro   0x00000000000154af      0x141 Core/Src/i2c-lcd.o
 .debug_macro   0x00000000000155f0      0x8d1 Core/Src/i2c-lcd.o
 .debug_macro   0x0000000000015ec1       0x83 Core/Src/i2c-lcd.o
 .debug_macro   0x0000000000015f44      0x372 Core/Src/main.o
 .debug_macro   0x00000000000162b6       0x22 Core/Src/main.o
 .debug_macro   0x00000000000162d8       0x52 Core/Src/main.o
 .debug_macro   0x000000000001632a       0x18 Core/Src/main.o
 .debug_macro   0x0000000000016342       0x3c Core/Src/main.o
 .debug_macro   0x000000000001637e       0x34 Core/Src/main.o
 .debug_macro   0x00000000000163b2       0x16 Core/Src/main.o
 .debug_macro   0x00000000000163c8       0x35 Core/Src/main.o
 .debug_macro   0x00000000000163fd      0x333 Core/Src/main.o
 .debug_macro   0x0000000000016730       0x10 Core/Src/main.o
 .debug_macro   0x0000000000016740       0x16 Core/Src/main.o
 .debug_macro   0x0000000000016756       0x43 Core/Src/main.o
 .debug_macro   0x0000000000016799       0x34 Core/Src/main.o
 .debug_macro   0x00000000000167cd       0x10 Core/Src/main.o
 .debug_macro   0x00000000000167dd       0x58 Core/Src/main.o
 .debug_macro   0x0000000000016835       0x71 Core/Src/main.o
 .debug_macro   0x00000000000168a6       0x1c Core/Src/main.o
 .debug_macro   0x00000000000168c2      0x12a Core/Src/main.o
 .debug_macro   0x00000000000169ec       0x10 Core/Src/main.o
 .debug_macro   0x00000000000169fc       0x1c Core/Src/main.o
 .debug_macro   0x0000000000016a18       0x52 Core/Src/main.o
 .debug_macro   0x0000000000016a6a       0x22 Core/Src/main.o
 .debug_macro   0x0000000000016a8c       0x10 Core/Src/main.o
 .debug_macro   0x0000000000016a9c       0x40 Core/Src/main.o
 .debug_macro   0x0000000000016adc       0xd5 Core/Src/main.o
 .debug_macro   0x0000000000016bb1       0x1c Core/Src/main.o
 .debug_macro   0x0000000000016bcd       0x3d Core/Src/main.o
 .debug_macro   0x0000000000016c0a       0x16 Core/Src/main.o
 .debug_macro   0x0000000000016c20      0x145 Core/Src/main.o
 .debug_macro   0x0000000000016d65      0x1a9 Core/Src/main.o
 .debug_macro   0x0000000000016f0e      0x1c6 Core/Src/stm32f1xx_hal_msp.o
 .debug_macro   0x00000000000170d4      0x1d0 Core/Src/stm32f1xx_it.o
 .debug_macro   0x00000000000172a4       0xff Core/Src/sysmem.o
 .debug_macro   0x00000000000173a3      0x23b Core/Src/sysmem.o
 .debug_macro   0x00000000000175de      0x1b7 Core/Src/system_stm32f1xx.o
 .debug_macro   0x0000000000017795      0x1db Drivers/STM32F1xx_HAL_Driver/Src/stm32f1xx_hal.o
 .debug_macro   0x0000000000017970      0x1d4 Drivers/STM32F1xx_HAL_Driver/Src/stm32f1xx_hal_adc.o
 .debug_macro   0x0000000000017b44      0x1b7 Drivers/STM32F1xx_HAL_Driver/Src/stm32f1xx_hal_cortex.o
 .debug_macro   0x0000000000017cfb      0x1b7 Drivers/STM32F1xx_HAL_Driver/Src/stm32f1xx_hal_dma.o
 .debug_macro   0x0000000000017eb2      0x222 Drivers/STM32F1xx_HAL_Driver/Src/stm32f1xx_hal_gpio.o
 .debug_macro   0x00000000000180d4      0x1fe Drivers/STM32F1xx_HAL_Driver/Src/stm32f1xx_hal_i2c.o
 .debug_macro   0x00000000000182d2      0x1c9 Drivers/STM32F1xx_HAL_Driver/Src/stm32f1xx_hal_rcc.o
 .debug_macro   0x000000000001849b      0x1b7 Drivers/STM32F1xx_HAL_Driver/Src/stm32f1xx_hal_rcc_ex.o
 .debug_macro   0x0000000000018652      0x1b8 Drivers/STM32F1xx_HAL_Driver/Src/stm32f1xx_hal_tim.o
 .debug_macro   0x000000000001880a      0x1b7 Drivers/STM32F1xx_HAL_Driver/Src/stm32f1xx_hal_tim_ex.o

.debug_line     0x0000000000000000    0x104ff
 .debug_line    0x0000000000000000      0x743 Core/Src/i2c-lcd.o
 .debug_line    0x0000000000000743      0xbf4 Core/Src/main.o
 .debug_line    0x0000000000001337      0x7a1 Core/Src/stm32f1xx_hal_msp.o
 .debug_line    0x0000000000001ad8      0x763 Core/Src/stm32f1xx_it.o
 .debug_line    0x000000000000223b      0x4cb Core/Src/sysmem.o
 .debug_line    0x0000000000002706      0x707 Core/Src/system_stm32f1xx.o
 .debug_line    0x0000000000002e0d       0x87 Core/Startup/startup_stm32f103c8tx.o
 .debug_line    0x0000000000002e94      0x934 Drivers/STM32F1xx_HAL_Driver/Src/stm32f1xx_hal.o
 .debug_line    0x00000000000037c8      0xfab Drivers/STM32F1xx_HAL_Driver/Src/stm32f1xx_hal_adc.o
 .debug_line    0x0000000000004773      0xb1c Drivers/STM32F1xx_HAL_Driver/Src/stm32f1xx_hal_cortex.o
 .debug_line    0x000000000000528f      0xd8c Drivers/STM32F1xx_HAL_Driver/Src/stm32f1xx_hal_dma.o
 .debug_line    0x000000000000601b      0x9cb Drivers/STM32F1xx_HAL_Driver/Src/stm32f1xx_hal_gpio.o
 .debug_line    0x00000000000069e6     0x3a1e Drivers/STM32F1xx_HAL_Driver/Src/stm32f1xx_hal_i2c.o
 .debug_line    0x000000000000a404      0xd42 Drivers/STM32F1xx_HAL_Driver/Src/stm32f1xx_hal_rcc.o
 .debug_line    0x000000000000b146      0x880 Drivers/STM32F1xx_HAL_Driver/Src/stm32f1xx_hal_rcc_ex.o
 .debug_line    0x000000000000b9c6     0x32dd Drivers/STM32F1xx_HAL_Driver/Src/stm32f1xx_hal_tim.o
 .debug_line    0x000000000000eca3     0x185c Drivers/STM32F1xx_HAL_Driver/Src/stm32f1xx_hal_tim_ex.o

.debug_str      0x0000000000000000    0x906ee
 .debug_str     0x0000000000000000    0x87c1b Core/Src/i2c-lcd.o
                                      0x87fda (size before relaxing)
 .debug_str     0x0000000000087c1b     0x5488 Core/Src/main.o
                                      0x8d5e0 (size before relaxing)
 .debug_str     0x000000000008d0a3      0x134 Core/Src/stm32f1xx_hal_msp.o
                                      0x885a3 (size before relaxing)
 .debug_str     0x000000000008d1d7       0xd6 Core/Src/stm32f1xx_it.o
                                      0x87e36 (size before relaxing)
 .debug_str     0x000000000008d2ad      0x4e9 Core/Src/sysmem.o
                                       0x625e (size before relaxing)
 .debug_str     0x000000000008d796       0x52 Core/Src/system_stm32f1xx.o
                                      0x87b7c (size before relaxing)
 .debug_str     0x000000000008d7e8       0x36 Core/Startup/startup_stm32f103c8tx.o
                                         0x72 (size before relaxing)
 .debug_str     0x000000000008d81e      0x304 Drivers/STM32F1xx_HAL_Driver/Src/stm32f1xx_hal.o
                                      0x8820d (size before relaxing)
 .debug_str     0x000000000008db22      0x357 Drivers/STM32F1xx_HAL_Driver/Src/stm32f1xx_hal_adc.o
                                      0x8820c (size before relaxing)
 .debug_str     0x000000000008de79      0x300 Drivers/STM32F1xx_HAL_Driver/Src/stm32f1xx_hal_cortex.o
                                      0x88215 (size before relaxing)
 .debug_str     0x000000000008e179      0x230 Drivers/STM32F1xx_HAL_Driver/Src/stm32f1xx_hal_dma.o
                                      0x87f57 (size before relaxing)
 .debug_str     0x000000000008e3a9      0x33b Drivers/STM32F1xx_HAL_Driver/Src/stm32f1xx_hal_gpio.o
                                      0x87f40 (size before relaxing)
 .debug_str     0x000000000008e6e4      0xb3b Drivers/STM32F1xx_HAL_Driver/Src/stm32f1xx_hal_i2c.o
                                      0x88bb8 (size before relaxing)
 .debug_str     0x000000000008f21f      0x244 Drivers/STM32F1xx_HAL_Driver/Src/stm32f1xx_hal_rcc.o
                                      0x87f79 (size before relaxing)
 .debug_str     0x000000000008f463       0xb9 Drivers/STM32F1xx_HAL_Driver/Src/stm32f1xx_hal_rcc_ex.o
                                      0x87d06 (size before relaxing)
 .debug_str     0x000000000008f51c      0xd78 Drivers/STM32F1xx_HAL_Driver/Src/stm32f1xx_hal_tim.o
                                      0x88f4b (size before relaxing)
 .debug_str     0x0000000000090294      0x45a Drivers/STM32F1xx_HAL_Driver/Src/stm32f1xx_hal_tim_ex.o
                                      0x886fc (size before relaxing)

.comment        0x0000000000000000       0x53
 .comment       0x0000000000000000       0x53 Core/Src/i2c-lcd.o
                                         0x54 (size before relaxing)
 .comment       0x0000000000000053       0x54 Core/Src/main.o
 .comment       0x0000000000000053       0x54 Core/Src/stm32f1xx_hal_msp.o
 .comment       0x0000000000000053       0x54 Core/Src/stm32f1xx_it.o
 .comment       0x0000000000000053       0x54 Core/Src/sysmem.o
 .comment       0x0000000000000053       0x54 Core/Src/system_stm32f1xx.o
 .comment       0x0000000000000053       0x54 Drivers/STM32F1xx_HAL_Driver/Src/stm32f1xx_hal.o
 .comment       0x0000000000000053       0x54 Drivers/STM32F1xx_HAL_Driver/Src/stm32f1xx_hal_adc.o
 .comment       0x0000000000000053       0x54 Drivers/STM32F1xx_HAL_Driver/Src/stm32f1xx_hal_cortex.o
 .comment       0x0000000000000053       0x54 Drivers/STM32F1xx_HAL_Driver/Src/stm32f1xx_hal_dma.o
 .comment       0x0000000000000053       0x54 Drivers/STM32F1xx_HAL_Driver/Src/stm32f1xx_hal_gpio.o
 .comment       0x0000000000000053       0x54 Drivers/STM32F1xx_HAL_Driver/Src/stm32f1xx_hal_i2c.o
 .comment       0x0000000000000053       0x54 Drivers/STM32F1xx_HAL_Driver/Src/stm32f1xx_hal_rcc.o
 .comment       0x0000000000000053       0x54 Drivers/STM32F1xx_HAL_Driver/Src/stm32f1xx_hal_rcc_ex.o
 .comment       0x0000000000000053       0x54 Drivers/STM32F1xx_HAL_Driver/Src/stm32f1xx_hal_tim.o
 .comment       0x0000000000000053       0x54 Drivers/STM32F1xx_HAL_Driver/Src/stm32f1xx_hal_tim_ex.o

.debug_frame    0x0000000000000000     0x41ac
 .debug_frame   0x0000000000000000       0xbc Core/Src/i2c-lcd.o
 .debug_frame   0x00000000000000bc      0x184 Core/Src/main.o
 .debug_frame   0x0000000000000240      0x13c Core/Src/stm32f1xx_hal_msp.o
 .debug_frame   0x000000000000037c      0x120 Core/Src/stm32f1xx_it.o
 .debug_frame   0x000000000000049c       0x34 Core/Src/sysmem.o
 .debug_frame   0x00000000000004d0       0x58 Core/Src/system_stm32f1xx.o
 .debug_frame   0x0000000000000528      0x334 Drivers/STM32F1xx_HAL_Driver/Src/stm32f1xx_hal.o
 .debug_frame   0x000000000000085c      0x40c Drivers/STM32F1xx_HAL_Driver/Src/stm32f1xx_hal_adc.o
 .debug_frame   0x0000000000000c68      0x428 Drivers/STM32F1xx_HAL_Driver/Src/stm32f1xx_hal_cortex.o
 .debug_frame   0x0000000000001090      0x208 Drivers/STM32F1xx_HAL_Driver/Src/stm32f1xx_hal_dma.o
 .debug_frame   0x0000000000001298      0x14c Drivers/STM32F1xx_HAL_Driver/Src/stm32f1xx_hal_gpio.o
 .debug_frame   0x00000000000013e4      0xc5c Drivers/STM32F1xx_HAL_Driver/Src/stm32f1xx_hal_i2c.o
 .debug_frame   0x0000000000002040      0x21c Drivers/STM32F1xx_HAL_Driver/Src/stm32f1xx_hal_rcc.o
 .debug_frame   0x000000000000225c       0x84 Drivers/STM32F1xx_HAL_Driver/Src/stm32f1xx_hal_rcc_ex.o
 .debug_frame   0x00000000000022e0     0x11b8 Drivers/STM32F1xx_HAL_Driver/Src/stm32f1xx_hal_tim.o
 .debug_frame   0x0000000000003498      0x638 Drivers/STM32F1xx_HAL_Driver/Src/stm32f1xx_hal_tim_ex.o
 .debug_frame   0x0000000000003ad0       0x20 /opt/st/stm32cubeide_1.6.0/plugins/com.st.stm32cube.ide.mcu.externaltools.gnu-tools-for-stm32.9-2020-q2-update.linux64_1.5.0.202011040924/tools/bin/../lib/gcc/arm-none-eabi/9.3.1/../../../../arm-none-eabi/lib/thumb/v7-m/nofp/libc_nano.a(lib_a-errno.o)
 .debug_frame   0x0000000000003af0       0x2c /opt/st/stm32cubeide_1.6.0/plugins/com.st.stm32cube.ide.mcu.externaltools.gnu-tools-for-stm32.9-2020-q2-update.linux64_1.5.0.202011040924/tools/bin/../lib/gcc/arm-none-eabi/9.3.1/../../../../arm-none-eabi/lib/thumb/v7-m/nofp/libc_nano.a(lib_a-init.o)
 .debug_frame   0x0000000000003b1c       0x20 /opt/st/stm32cubeide_1.6.0/plugins/com.st.stm32cube.ide.mcu.externaltools.gnu-tools-for-stm32.9-2020-q2-update.linux64_1.5.0.202011040924/tools/bin/../lib/gcc/arm-none-eabi/9.3.1/../../../../arm-none-eabi/lib/thumb/v7-m/nofp/libc_nano.a(lib_a-memset.o)
 .debug_frame   0x0000000000003b3c       0x6c /opt/st/stm32cubeide_1.6.0/plugins/com.st.stm32cube.ide.mcu.externaltools.gnu-tools-for-stm32.9-2020-q2-update.linux64_1.5.0.202011040924/tools/bin/../lib/gcc/arm-none-eabi/9.3.1/../../../../arm-none-eabi/lib/thumb/v7-m/nofp/libc_nano.a(lib_a-sprintf.o)
 .debug_frame   0x0000000000003ba8       0x90 /opt/st/stm32cubeide_1.6.0/plugins/com.st.stm32cube.ide.mcu.externaltools.gnu-tools-for-stm32.9-2020-q2-update.linux64_1.5.0.202011040924/tools/bin/../lib/gcc/arm-none-eabi/9.3.1/../../../../arm-none-eabi/lib/thumb/v7-m/nofp/libc_nano.a(lib_a-nano-svfprintf.o)
 .debug_frame   0x0000000000003c38       0x60 /opt/st/stm32cubeide_1.6.0/plugins/com.st.stm32cube.ide.mcu.externaltools.gnu-tools-for-stm32.9-2020-q2-update.linux64_1.5.0.202011040924/tools/bin/../lib/gcc/arm-none-eabi/9.3.1/../../../../arm-none-eabi/lib/thumb/v7-m/nofp/libc_nano.a(lib_a-nano-vfprintf_i.o)
 .debug_frame   0x0000000000003c98       0x28 /opt/st/stm32cubeide_1.6.0/plugins/com.st.stm32cube.ide.mcu.externaltools.gnu-tools-for-stm32.9-2020-q2-update.linux64_1.5.0.202011040924/tools/bin/../lib/gcc/arm-none-eabi/9.3.1/../../../../arm-none-eabi/lib/thumb/v7-m/nofp/libc_nano.a(lib_a-memchr-stub.o)
 .debug_frame   0x0000000000003cc0       0x28 /opt/st/stm32cubeide_1.6.0/plugins/com.st.stm32cube.ide.mcu.externaltools.gnu-tools-for-stm32.9-2020-q2-update.linux64_1.5.0.202011040924/tools/bin/../lib/gcc/arm-none-eabi/9.3.1/../../../../arm-none-eabi/lib/thumb/v7-m/nofp/libc_nano.a(lib_a-memcpy-stub.o)
 .debug_frame   0x0000000000003ce8       0x28 /opt/st/stm32cubeide_1.6.0/plugins/com.st.stm32cube.ide.mcu.externaltools.gnu-tools-for-stm32.9-2020-q2-update.linux64_1.5.0.202011040924/tools/bin/../lib/gcc/arm-none-eabi/9.3.1/../../../../arm-none-eabi/lib/thumb/v7-m/nofp/libc_nano.a(lib_a-memmove.o)
 .debug_frame   0x0000000000003d10       0x38 /opt/st/stm32cubeide_1.6.0/plugins/com.st.stm32cube.ide.mcu.externaltools.gnu-tools-for-stm32.9-2020-q2-update.linux64_1.5.0.202011040924/tools/bin/../lib/gcc/arm-none-eabi/9.3.1/../../../../arm-none-eabi/lib/thumb/v7-m/nofp/libc_nano.a(lib_a-nano-freer.o)
 .debug_frame   0x0000000000003d48       0x30 /opt/st/stm32cubeide_1.6.0/plugins/com.st.stm32cube.ide.mcu.externaltools.gnu-tools-for-stm32.9-2020-q2-update.linux64_1.5.0.202011040924/tools/bin/../lib/gcc/arm-none-eabi/9.3.1/../../../../arm-none-eabi/lib/thumb/v7-m/nofp/libc_nano.a(lib_a-nano-mallocr.o)
 .debug_frame   0x0000000000003d78       0x3c /opt/st/stm32cubeide_1.6.0/plugins/com.st.stm32cube.ide.mcu.externaltools.gnu-tools-for-stm32.9-2020-q2-update.linux64_1.5.0.202011040924/tools/bin/../lib/gcc/arm-none-eabi/9.3.1/../../../../arm-none-eabi/lib/thumb/v7-m/nofp/libc_nano.a(lib_a-nano-reallocr.o)
 .debug_frame   0x0000000000003db4       0x2c /opt/st/stm32cubeide_1.6.0/plugins/com.st.stm32cube.ide.mcu.externaltools.gnu-tools-for-stm32.9-2020-q2-update.linux64_1.5.0.202011040924/tools/bin/../lib/gcc/arm-none-eabi/9.3.1/../../../../arm-none-eabi/lib/thumb/v7-m/nofp/libc_nano.a(lib_a-sbrkr.o)
 .debug_frame   0x0000000000003de0       0x30 /opt/st/stm32cubeide_1.6.0/plugins/com.st.stm32cube.ide.mcu.externaltools.gnu-tools-for-stm32.9-2020-q2-update.linux64_1.5.0.202011040924/tools/bin/../lib/gcc/arm-none-eabi/9.3.1/../../../../arm-none-eabi/lib/thumb/v7-m/nofp/libc_nano.a(lib_a-mlock.o)
 .debug_frame   0x0000000000003e10       0x20 /opt/st/stm32cubeide_1.6.0/plugins/com.st.stm32cube.ide.mcu.externaltools.gnu-tools-for-stm32.9-2020-q2-update.linux64_1.5.0.202011040924/tools/bin/../lib/gcc/arm-none-eabi/9.3.1/../../../../arm-none-eabi/lib/thumb/v7-m/nofp/libc_nano.a(lib_a-nano-msizer.o)
 .debug_frame   0x0000000000003e30       0x5c /opt/st/stm32cubeide_1.6.0/plugins/com.st.stm32cube.ide.mcu.externaltools.gnu-tools-for-stm32.9-2020-q2-update.linux64_1.5.0.202011040924/tools/bin/../lib/gcc/arm-none-eabi/9.3.1/../../../../arm-none-eabi/lib/thumb/v7-m/nofp/libc_nano.a(lib_a-reent.o)
 .debug_frame   0x0000000000003e8c       0xb0 /opt/st/stm32cubeide_1.6.0/plugins/com.st.stm32cube.ide.mcu.externaltools.gnu-tools-for-stm32.9-2020-q2-update.linux64_1.5.0.202011040924/tools/bin/../lib/gcc/arm-none-eabi/9.3.1/../../../../arm-none-eabi/lib/thumb/v7-m/nofp/libc_nano.a(lib_a-lock.o)
 .debug_frame   0x0000000000003f3c       0x30 /opt/st/stm32cubeide_1.6.0/plugins/com.st.stm32cube.ide.mcu.externaltools.gnu-tools-for-stm32.9-2020-q2-update.linux64_1.5.0.202011040924/tools/bin/../lib/gcc/arm-none-eabi/9.3.1/thumb/v7-m/nofp/libgcc.a(_arm_muldf3.o)
 .debug_frame   0x0000000000003f6c       0xac /opt/st/stm32cubeide_1.6.0/plugins/com.st.stm32cube.ide.mcu.externaltools.gnu-tools-for-stm32.9-2020-q2-update.linux64_1.5.0.202011040924/tools/bin/../lib/gcc/arm-none-eabi/9.3.1/thumb/v7-m/nofp/libgcc.a(_arm_addsubdf3.o)
 .debug_frame   0x0000000000004018       0x24 /opt/st/stm32cubeide_1.6.0/plugins/com.st.stm32cube.ide.mcu.externaltools.gnu-tools-for-stm32.9-2020-q2-update.linux64_1.5.0.202011040924/tools/bin/../lib/gcc/arm-none-eabi/9.3.1/thumb/v7-m/nofp/libgcc.a(_arm_truncdfsf2.o)
 .debug_frame   0x000000000000403c       0x4c /opt/st/stm32cubeide_1.6.0/plugins/com.st.stm32cube.ide.mcu.externaltools.gnu-tools-for-stm32.9-2020-q2-update.linux64_1.5.0.202011040924/tools/bin/../lib/gcc/arm-none-eabi/9.3.1/thumb/v7-m/nofp/libgcc.a(_arm_addsubsf3.o)
 .debug_frame   0x0000000000004088       0x38 /opt/st/stm32cubeide_1.6.0/plugins/com.st.stm32cube.ide.mcu.externaltools.gnu-tools-for-stm32.9-2020-q2-update.linux64_1.5.0.202011040924/tools/bin/../lib/gcc/arm-none-eabi/9.3.1/thumb/v7-m/nofp/libgcc.a(_arm_muldivsf3.o)
 .debug_frame   0x00000000000040c0       0xc8 /opt/st/stm32cubeide_1.6.0/plugins/com.st.stm32cube.ide.mcu.externaltools.gnu-tools-for-stm32.9-2020-q2-update.linux64_1.5.0.202011040924/tools/bin/../lib/gcc/arm-none-eabi/9.3.1/thumb/v7-m/nofp/libgcc.a(_arm_cmpsf2.o)
 .debug_frame   0x0000000000004188       0x24 /opt/st/stm32cubeide_1.6.0/plugins/com.st.stm32cube.ide.mcu.externaltools.gnu-tools-for-stm32.9-2020-q2-update.linux64_1.5.0.202011040924/tools/bin/../lib/gcc/arm-none-eabi/9.3.1/thumb/v7-m/nofp/libgcc.a(_arm_fixunssfsi.o)
